Archive member included because of file (symbol)

c:/altera/13.0sp1/nios2eds/bin/gnu/h-i686-mingw32/bin/../lib/gcc/nios2-elf/4.1.2/../../../../nios2-elf/lib\libm.a(lib_a-sf_cos.o)
                              obj/default/iniche_init.o (cosf)
c:/altera/13.0sp1/nios2eds/bin/gnu/h-i686-mingw32/bin/../lib/gcc/nios2-elf/4.1.2/../../../../nios2-elf/lib\libm.a(lib_a-sf_sin.o)
                              obj/default/iniche_init.o (sinf)
c:/altera/13.0sp1/nios2eds/bin/gnu/h-i686-mingw32/bin/../lib/gcc/nios2-elf/4.1.2/../../../../nios2-elf/lib\libm.a(lib_a-wf_sqrt.o)
                              obj/default/iniche_init.o (sqrtf)
c:/altera/13.0sp1/nios2eds/bin/gnu/h-i686-mingw32/bin/../lib/gcc/nios2-elf/4.1.2/../../../../nios2-elf/lib\libm.a(lib_a-ef_rem_pio2.o)
                              c:/altera/13.0sp1/nios2eds/bin/gnu/h-i686-mingw32/bin/../lib/gcc/nios2-elf/4.1.2/../../../../nios2-elf/lib\libm.a(lib_a-sf_cos.o) (__ieee754_rem_pio2f)
c:/altera/13.0sp1/nios2eds/bin/gnu/h-i686-mingw32/bin/../lib/gcc/nios2-elf/4.1.2/../../../../nios2-elf/lib\libm.a(lib_a-ef_sqrt.o)
                              c:/altera/13.0sp1/nios2eds/bin/gnu/h-i686-mingw32/bin/../lib/gcc/nios2-elf/4.1.2/../../../../nios2-elf/lib\libm.a(lib_a-wf_sqrt.o) (__ieee754_sqrtf)
c:/altera/13.0sp1/nios2eds/bin/gnu/h-i686-mingw32/bin/../lib/gcc/nios2-elf/4.1.2/../../../../nios2-elf/lib\libm.a(lib_a-kf_cos.o)
                              c:/altera/13.0sp1/nios2eds/bin/gnu/h-i686-mingw32/bin/../lib/gcc/nios2-elf/4.1.2/../../../../nios2-elf/lib\libm.a(lib_a-sf_cos.o) (__kernel_cosf)
c:/altera/13.0sp1/nios2eds/bin/gnu/h-i686-mingw32/bin/../lib/gcc/nios2-elf/4.1.2/../../../../nios2-elf/lib\libm.a(lib_a-kf_rem_pio2.o)
                              c:/altera/13.0sp1/nios2eds/bin/gnu/h-i686-mingw32/bin/../lib/gcc/nios2-elf/4.1.2/../../../../nios2-elf/lib\libm.a(lib_a-ef_rem_pio2.o) (__kernel_rem_pio2f)
c:/altera/13.0sp1/nios2eds/bin/gnu/h-i686-mingw32/bin/../lib/gcc/nios2-elf/4.1.2/../../../../nios2-elf/lib\libm.a(lib_a-kf_sin.o)
                              c:/altera/13.0sp1/nios2eds/bin/gnu/h-i686-mingw32/bin/../lib/gcc/nios2-elf/4.1.2/../../../../nios2-elf/lib\libm.a(lib_a-sf_cos.o) (__kernel_sinf)
c:/altera/13.0sp1/nios2eds/bin/gnu/h-i686-mingw32/bin/../lib/gcc/nios2-elf/4.1.2/../../../../nios2-elf/lib\libm.a(lib_a-s_lib_ver.o)
                              c:/altera/13.0sp1/nios2eds/bin/gnu/h-i686-mingw32/bin/../lib/gcc/nios2-elf/4.1.2/../../../../nios2-elf/lib\libm.a(lib_a-wf_sqrt.o) (__fdlib_version)
c:/altera/13.0sp1/nios2eds/bin/gnu/h-i686-mingw32/bin/../lib/gcc/nios2-elf/4.1.2/../../../../nios2-elf/lib\libm.a(lib_a-s_matherr.o)
                              c:/altera/13.0sp1/nios2eds/bin/gnu/h-i686-mingw32/bin/../lib/gcc/nios2-elf/4.1.2/../../../../nios2-elf/lib\libm.a(lib_a-wf_sqrt.o) (matherr)
c:/altera/13.0sp1/nios2eds/bin/gnu/h-i686-mingw32/bin/../lib/gcc/nios2-elf/4.1.2/../../../../nios2-elf/lib\libm.a(lib_a-sf_fabs.o)
                              c:/altera/13.0sp1/nios2eds/bin/gnu/h-i686-mingw32/bin/../lib/gcc/nios2-elf/4.1.2/../../../../nios2-elf/lib\libm.a(lib_a-ef_rem_pio2.o) (fabsf)
c:/altera/13.0sp1/nios2eds/bin/gnu/h-i686-mingw32/bin/../lib/gcc/nios2-elf/4.1.2/../../../../nios2-elf/lib\libm.a(lib_a-sf_floor.o)
                              c:/altera/13.0sp1/nios2eds/bin/gnu/h-i686-mingw32/bin/../lib/gcc/nios2-elf/4.1.2/../../../../nios2-elf/lib\libm.a(lib_a-kf_rem_pio2.o) (floorf)
c:/altera/13.0sp1/nios2eds/bin/gnu/h-i686-mingw32/bin/../lib/gcc/nios2-elf/4.1.2/../../../../nios2-elf/lib\libm.a(lib_a-sf_isnan.o)
                              c:/altera/13.0sp1/nios2eds/bin/gnu/h-i686-mingw32/bin/../lib/gcc/nios2-elf/4.1.2/../../../../nios2-elf/lib\libm.a(lib_a-wf_sqrt.o) (isnanf)
c:/altera/13.0sp1/nios2eds/bin/gnu/h-i686-mingw32/bin/../lib/gcc/nios2-elf/4.1.2/../../../../nios2-elf/lib\libm.a(lib_a-sf_scalbn.o)
                              c:/altera/13.0sp1/nios2eds/bin/gnu/h-i686-mingw32/bin/../lib/gcc/nios2-elf/4.1.2/../../../../nios2-elf/lib\libm.a(lib_a-kf_rem_pio2.o) (scalbnf)
c:/altera/13.0sp1/nios2eds/bin/gnu/h-i686-mingw32/bin/../lib/gcc/nios2-elf/4.1.2/../../../../nios2-elf/lib\libm.a(lib_a-sf_copysign.o)
                              c:/altera/13.0sp1/nios2eds/bin/gnu/h-i686-mingw32/bin/../lib/gcc/nios2-elf/4.1.2/../../../../nios2-elf/lib\libm.a(lib_a-sf_scalbn.o) (copysignf)
c:/altera/13.0sp1/nios2eds/bin/gnu/h-i686-mingw32/bin/../lib/gcc/nios2-elf/4.1.2\libgcc.a(_fixunsdfsi.o)
                              obj/default/dm9000a.o (__fixunsdfsi)
c:/altera/13.0sp1/nios2eds/bin/gnu/h-i686-mingw32/bin/../lib/gcc/nios2-elf/4.1.2\libgcc.a(_addsub_sf.o)
                              obj/default/iniche_init.o (__subsf3)
c:/altera/13.0sp1/nios2eds/bin/gnu/h-i686-mingw32/bin/../lib/gcc/nios2-elf/4.1.2\libgcc.a(_mul_sf.o)
                              obj/default/iniche_init.o (__mulsf3)
c:/altera/13.0sp1/nios2eds/bin/gnu/h-i686-mingw32/bin/../lib/gcc/nios2-elf/4.1.2\libgcc.a(_div_sf.o)
[...]
Memory Configuration

Name             Origin             Length             Attributes
sdram_0_BEFORE_EXCEPTION 0x00800000         0x00000020
sdram_0          0x00800020         0x007fffe0
reset            0x01400000         0x00000020
cfi_flash_0      0x01400020         0x003fffe0
sram_0           0x01a00000         0x00080000
epcs_controller  0x01a81800         0x00000800
*default*        0x00000000         0xffffffff

Linker script and memory map

LOAD ../simple_socket_bsp//obj/HAL/src/crt0.o
LOAD obj/default/LCD.o
LOAD obj/default/SSS_DE2_115.o
LOAD obj/default/alt_error_handler.o
LOAD obj/default/dm9000a.o
LOAD obj/default/iniche_init.o
LOAD obj/default/led.o
LOAD obj/default/network_utilities.o
LOAD obj/default/simple_socket_server.o
LOAD obj/default/tse_my_system.o
LOAD c:/altera/13.0sp1/nios2eds/bin/gnu/h-i686-mingw32/bin/../lib/gcc/nios2-elf/4.1.2/../../../../nios2-elf/lib\libstdc++.a
LOAD c:/altera/13.0sp1/nios2eds/bin/gnu/h-i686-mingw32/bin/../lib/gcc/nios2-elf/4.1.2/../../../../nios2-elf/lib\libm.a
LOAD c:/altera/13.0sp1/nios2eds/bin/gnu/h-i686-mingw32/bin/../lib/gcc/nios2-elf/4.1.2\libgcc.a
START GROUP
LOAD c:/altera/13.0sp1/nios2eds/bin/gnu/h-i686-mingw32/bin/../lib/gcc/nios2-elf/4.1.2/../../../../nios2-elf/lib\libc.a
LOAD c:/altera/13.0sp1/nios2eds/bin/gnu/h-i686-mingw32/bin/../lib/gcc/nios2-elf/4.1.2\libgcc.a
LOAD ../simple_socket_bsp/\libucosii_bsp.a
END GROUP
LOAD c:/altera/13.0sp1/nios2eds/bin/gnu/h-i686-mingw32/bin/../lib/gcc/nios2-elf/4.1.2\libgcc.a
                0x00800000                __alt_mem_sdram_0 = 0x800000
                0x01400000                __alt_mem_cfi_flash_0 = 0x1400000
                0x01a00000                __alt_mem_sram_0 = 0x1a00000
                0x01a81800                __alt_mem_epcs_controller = 0x1a81800

.entry          0x01400000        0x0
 *(.entry)
 .entry         0x01400000        0x0 ../simple_socket_bsp//obj/HAL/src/crt0.o
                0x01400000                __reset

.exceptions     0x00800020      0x19c
                0x00800020                PROVIDE (__ram_exceptions_start, ABSOLUTE (.))
                0x00800020                . = ALIGN (0x20)
 *(.irq)
 *(.exceptions.entry.label)
 .exceptions.entry.label
                0x00800020        0x0 ../simple_socket_bsp/\libucosii_bsp.a(alt_irq_entry.o)
                0x00800020                alt_irq_entry
 .exceptions.entry.label
                0x00800020        0x0 ../simple_socket_bsp/\libucosii_bsp.a(alt_exception_entry.o)
                0x00800020                alt_exception
 *(.exceptions.entry.user)
 *(.exceptions.entry)
 .exceptions.entry
                0x00800020       0x54 ../simple_socket_bsp/\libucosii_bsp.a(alt_exception_entry.o)
 *(.exceptions.irqtest.user)
 *(.exceptions.irqtest)
 .exceptions.irqtest
                0x00800074       0x10 ../simple_socket_bsp/\libucosii_bsp.a(alt_irq_entry.o)
 *(.exceptions.irqhandler.user)
 *(.exceptions.irqhandler)
 .exceptions.irqhandler
                0x00800084        0x4 ../simple_socket_bsp/\libucosii_bsp.a(alt_irq_entry.o)
 *(.exceptions.irqreturn.user)
 *(.exceptions.irqreturn)
 .exceptions.irqreturn
                0x00800088        0x4 ../simple_socket_bsp/\libucosii_bsp.a(alt_irq_entry.o)
 *(.exceptions.notirq.label)
 .exceptions.notirq.label
                0x0080008c        0x0 ../simple_socket_bsp/\libucosii_bsp.a(alt_irq_entry.o)
 *(.exceptions.notirq.user)
 *(.exceptions.notirq)
 .exceptions.notirq
                0x0080008c        0x8 ../simple_socket_bsp/\libucosii_bsp.a(alt_exception_entry.o)
 *(.exceptions.soft.user)
 *(.exceptions.soft)
 *(.exceptions.unknown.user)
 *(.exceptions.unknown)
 .exceptions.unknown
                0x00800094        0x4 ../simple_socket_bsp/\libucosii_bsp.a(alt_exception_entry.o)
 *(.exceptions.exit.label)
 .exceptions.exit.label
                0x00800098        0x0 ../simple_socket_bsp/\libucosii_bsp.a(alt_irq_entry.o)
 .exceptions.exit.label
                0x00800098        0x0 ../simple_socket_bsp/\libucosii_bsp.a(alt_exception_entry.o)
 *(.exceptions.exit.user)
 *(.exceptions.exit)
 .exceptions.exit
                0x00800098       0x54 ../simple_socket_bsp/\libucosii_bsp.a(alt_exception_entry.o)
 *(.exceptions)
 .exceptions    0x008000ec       0xd0 ../simple_socket_bsp/\libucosii_bsp.a(alt_irq_handler.o)
                0x008000ec                alt_irq_handler
                0x008001bc                PROVIDE (__ram_exceptions_end, ABSOLUTE (.))
                0x00800020                PROVIDE (__flash_exceptions_start, LOADADDR (.exceptions))

.text           0x008001bc    0x49a14
                0x008001bc                PROVIDE (stext, ABSOLUTE (.))
 *(.interp)
 *(.hash)
 *(.dynsym)
 *(.dynstr)
 *(.gnu.version)
 *(.gnu.version_d)
 *(.gnu.version_r)
 *(.rel.init)
 *(.rela.init)
 *(.rel.text .rel.text.* .rel.gnu.linkonce.t.*)
 *(.rela.text .rela.text.* .rela.gnu.linkonce.t.*)
 *(.rel.fini)
 *(.rela.fini)
 *(.rel.rodata .rel.rodata.* .rel.gnu.linkonce.r.*)
 *(.rela.rodata .rela.rodata.* .rela.gnu.linkonce.r.*)
 *(.rel.data .rel.data.* .rel.gnu.linkonce.d.*)
 *(.rela.data .rela.data.* .rela.gnu.linkonce.d.*)
 *(.rel.tdata .rel.tdata.* .rel.gnu.linkonce.td.*)
 *(.rela.tdata .rela.tdata.* .rela.gnu.linkonce.td.*)
 *(.rel.tbss .rel.tbss.* .rel.gnu.linkonce.tb.*)
 *(.rela.tbss .rela.tbss.* .rela.gnu.linkonce.tb.*)
 *(.rel.ctors)
 *(.rela.ctors)
 *(.rel.dtors)
 *(.rela.dtors)
 *(.rel.got)
 *(.rela.got)
 *(.rel.sdata .rel.sdata.* .rel.gnu.linkonce.s.*)
 *(.rela.sdata .rela.sdata.* .rela.gnu.linkonce.s.*)
 *(.rel.sbss .rel.sbss.* .rel.gnu.linkonce.sb.*)
 *(.rela.sbss .rela.sbss.* .rela.gnu.linkonce.sb.*)
 *(.rel.sdata2 .rel.sdata2.* .rel.gnu.linkonce.s2.*)
 *(.rela.sdata2 .rela.sdata2.* .rela.gnu.linkonce.s2.*)
 *(.rel.sbss2 .rel.sbss2.* .rel.gnu.linkonce.sb2.*)
 *(.rela.sbss2 .rela.sbss2.* .rela.gnu.linkonce.sb2.*)
 *(.rel.bss .rel.bss.* .rel.gnu.linkonce.b.*)
 *(.rela.bss .rela.bss.* .rela.gnu.linkonce.b.*)
 *(.rel.plt)
 *(.rela.plt)
 *(.rel.dyn)
 *(.init)
 *(.plt)
 *(.text .stub .text.* .gnu.linkonce.t.*)
 .text          0x008001bc       0x48 ../simple_socket_bsp//obj/HAL/src/crt0.o
                0x008001bc                _start
 .text          0x00800204      0x31c obj/default/LCD.o
                0x00800204                LCD_Init
                0x008002a0                LCD_Show_Text
                0x00800328                LCD_Line2
                0x00800364                LCD_Line1
                0x008003a0                LCD_Clear
                0x008003dc                LCD_Test
 .text          0x00800520      0x2ec obj/default/SSS_DE2_115.o
                0x00800520                get_DE2_115_mac_addr
                0x008006c8                FindLastFlashSectorOffset
 .text          0x0080080c      0xba8 obj/default/alt_error_handler.o
                0x0080080c                alt_uCOSIIErrorHandler
                0x00800e30                alt_NetworkErrorHandler
                0x008010c8                alt_SSSErrorHandler
 .text          0x008013b4      0xe48 obj/default/dm9000a.o
                0x008013b4                dm9000a_iow
                0x00801408                dm9000a_ior
                0x00801454                phy_write
                0x008014f0                dm9000a_reset
                0x008016b4                TransmitPacket
                0x008017d0                prep_dm9000a
                0x008019ec                dm9000a_init
                0x00801e3c                dm9Ka_isr_wrap
                0x00801e7c                dm9ka_init
                0x00801f74                dm9ka_close
                0x00802084                dm9ka_stats
                0x008020e0                dm9ka_pkt_send
 .text          0x008021fc      0x8d0 obj/default/iniche_init.o
                0x008021fc                reverse_bits
                0x00802274                SSSInitialTask
                0x008029c4                main
 .text          0x00802acc      0x324 obj/default/led.o
                0x00802acc                led_bit_toggle
                0x00802b98                LED7SegLightshowTask
                0x00802c0c                LEDManagementTask
 .text          0x00802df0      0x73c obj/default/network_utilities.o
                0x00802df0                get_mac_addr
                0x00802e48                get_ip_addr
                0x00802eb4                get_serial_number
                0x00803090                generate_and_store_mac_addr
                0x0080325c                generate_mac_addr
                0x00803398                get_board_mac_addr
 .text          0x0080352c      0x9f8 obj/default/simple_socket_server.o
                0x0080352c                SSSCreateOSDataStructs
                0x008035d4                SSSCreateTasks
                0x00803698                sss_reset_connection
                0x00803708                sss_send_menu
                0x00803898                sss_handle_accept
                0x00803958                sss_exec_command
                0x00803acc                sss_handle_receive
                0x00803cb8                SSSSimpleSocketServerTask
 .text          0x00803f24        0x0 obj/default/tse_my_system.o
 .text          0x00803f24       0xc0 c:/altera/13.0sp1/nios2eds/bin/gnu/h-i686-mingw32/bin/../lib/gcc/nios2-elf/4.1.2/../../../../nios2-elf/lib\libm.a(lib_a-sf_cos.o)
                0x00803f24                cosf
 .text          0x00803fe4       0xc0 c:/altera/13.0sp1/nios2eds/bin/gnu/h-i686-mingw32/bin/../lib/gcc/nios2-elf/4.1.2/../../../../nios2-elf/lib\libm.a(lib_a-sf_sin.o)
                0x00803fe4                sinf
 .text          0x008040a4      0x138 c:/altera/13.0sp1/nios2eds/bin/gnu/h-i686-mingw32/bin/../lib/gcc/nios2-elf/4.1.2/../../../../nios2-elf/lib\libm.a(lib_a-wf_sqrt.o)
                0x008040a4                sqrtf
 .text          0x008041dc      0x53c c:/altera/13.0sp1/nios2eds/bin/gnu/h-i686-mingw32/bin/../lib/gcc/nios2-elf/4.1.2/../../../../nios2-elf/lib\libm.a(lib_a-ef_rem_pio2.o)
                0x008041dc                __ieee754_rem_pio2f
 .text          0x00804718      0x16c c:/altera/13.0sp1/nios2eds/bin/gnu/h-i686-mingw32/bin/../lib/gcc/nios2-elf/4.1.2/../../../../nios2-elf/lib\libm.a(lib_a-ef_sqrt.o)
                0x00804718                __ieee754_sqrtf
 .text          0x00804884      0x2bc c:/altera/13.0sp1/nios2eds/bin/gnu/h-i686-mingw32/bin/../lib/gcc/nios2-elf/4.1.2/../../../../nios2-elf/lib\libm.a(lib_a-kf_cos.o)
                0x00804884                __kernel_cosf
 .text          0x00804b40      0xa90 c:/altera/13.0sp1/nios2eds/bin/gnu/h-i686-mingw32/bin/../lib/gcc/nios2-elf/4.1.2/../../../../nios2-elf/lib\libm.a(lib_a-kf_rem_pio2.o)
                0x00804b40                __kernel_rem_pio2f
 .text          0x008055d0      0x1bc c:/altera/13.0sp1/nios2eds/bin/gnu/h-i686-mingw32/bin/../lib/gcc/nios2-elf/4.1.2/../../../../nios2-elf/lib\libm.a(lib_a-kf_sin.o)
                0x008055d0                __kernel_sinf
 .text          0x0080578c        0x0 c:/altera/13.0sp1/nios2eds/bin/gnu/h-i686-mingw32/bin/../lib/gcc/nios2-elf/4.1.2/../../../../nios2-elf/lib\libm.a(lib_a-s_lib_ver.o)
 .text          0x0080578c        0x8 c:/altera/13.0sp1/nios2eds/bin/gnu/h-i686-mingw32/bin/../lib/gcc/nios2-elf/4.1.2/../../../../nios2-elf/lib\libm.a(lib_a-s_matherr.o)
                0x0080578c                matherr
 .text          0x00805794       0x10 c:/altera/13.0sp1/nios2eds/bin/gnu/h-i686-mingw32/bin/../lib/gcc/nios2-elf/4.1.2/../../../../nios2-elf/lib\libm.a(lib_a-sf_fabs.o)
                0x00805794                fabsf
 .text          0x008057a4      0x114 c:/altera/13.0sp1/nios2eds/bin/gnu/h-i686-mingw32/bin/../lib/gcc/nios2-elf/4.1.2/../../../../nios2-elf/lib\libm.a(lib_a-sf_floor.o)
                0x008057a4                floorf
 .text          0x008058b8       0x18 c:/altera/13.0sp1/nios2eds/bin/gnu/h-i686-mingw32/bin/../lib/gcc/nios2-elf/4.1.2/../../../../nios2-elf/lib\libm.a(lib_a-sf_isnan.o)
                0x008058b8                isnanf
 .text          0x008058d0      0x14c c:/altera/13.0sp1/nios2eds/bin/gnu/h-i686-mingw32/bin/../lib/gcc/nios2-elf/4.1.2/../../../../nios2-elf/lib\libm.a(lib_a-sf_scalbn.o)
                0x008058d0                scalbnf
 .text          0x00805a1c       0x18 c:/altera/13.0sp1/nios2eds/bin/gnu/h-i686-mingw32/bin/../lib/gcc/nios2-elf/4.1.2/../../../../nios2-elf/lib\libm.a(lib_a-sf_copysign.o)
                0x00805a1c                copysignf
 .text          0x00805a34       0xa4 c:/altera/13.0sp1/nios2eds/bin/gnu/h-i686-mingw32/bin/../lib/gcc/nios2-elf/4.1.2\libgcc.a(_fixunsdfsi.o)
                0x00805a34                __fixunsdfsi
 .text          0x00805ad8      0x2b8 c:/altera/13.0sp1/nios2eds/bin/gnu/h-i686-mingw32/bin/../lib/gcc/nios2-elf/4.1.2\libgcc.a(_addsub_sf.o)
                0x00805cbc                __subsf3
                0x00805d2c                __addsf3
 .text          0x00805d90      0x1e0 c:/altera/13.0sp1/nios2eds/bin/gnu/h-i686-mingw32/bin/../lib/gcc/nios2-elf/4.1.2\libgcc.a(_mul_sf.o)
                0x00805d90                __mulsf3
 .text          0x00805f70      0x174 c:/altera/13.0sp1/nios2eds/bin/gnu/h-i686-mingw32/bin/../lib/gcc/nios2-elf/4.1.2\libgcc.a(_div_sf.o)
                0x00805f70                __divsf3
 .text          0x008060e4       0x78 c:/altera/13.0sp1/nios2eds/bin/gnu/h-i686-mingw32/bin/../lib/gcc/nios2-elf/4.1.2\libgcc.a(_eq_sf.o)
                0x008060e4                __eqsf2
 .text          0x0080615c       0x78 c:/altera/13.0sp1/nios2eds/bin/gnu/h-i686-mingw32/bin/../lib/gcc/nios2-elf/4.1.2\libgcc.a(_gt_sf.o)
                0x0080615c                __gtsf2
 .text          0x008061d4       0x78 c:/altera/13.0sp1/nios2eds/bin/gnu/h-i686-mingw32/bin/../lib/gcc/nios2-elf/4.1.2\libgcc.a(_ge_sf.o)
                0x008061d4                __gesf2
 .text          0x0080624c       0x78 c:/altera/13.0sp1/nios2eds/bin/gnu/h-i686-mingw32/bin/../lib/gcc/nios2-elf/4.1.2\libgcc.a(_lt_sf.o)
                0x0080624c                __ltsf2
 .text          0x008062c4       0x98 c:/altera/13.0sp1/nios2eds/bin/gnu/h-i686-mingw32/bin/../lib/gcc/nios2-elf/4.1.2\libgcc.a(_si_to_sf.o)
                0x008062c4                __floatsisf
 .text          0x0080635c       0x94 c:/altera/13.0sp1/nios2eds/bin/gnu/h-i686-mingw32/bin/../lib/gcc/nios2-elf/4.1.2\libgcc.a(_sf_to_si.o)
                0x0080635c                __fixsfsi
 .text          0x008063f0       0x54 c:/altera/13.0sp1/nios2eds/bin/gnu/h-i686-mingw32/bin/../lib/gcc/nios2-elf/4.1.2\libgcc.a(_sf_to_df.o)
                0x008063f0                __extendsfdf2
 .text          0x00806444        0x0 c:/altera/13.0sp1/nios2eds/bin/gnu/h-i686-mingw32/bin/../lib/gcc/nios2-elf/4.1.2\libgcc.a(_thenan_sf.o)
 .text          0x00806444      0x504 c:/altera/13.0sp1/nios2eds/bin/gnu/h-i686-mingw32/bin/../lib/gcc/nios2-elf/4.1.2\libgcc.a(_addsub_df.o)
                0x00806854                __subdf3
                0x008068d4                __adddf3
 .text          0x00806948      0x3c4 c:/altera/13.0sp1/nios2eds/bin/gnu/h-i686-mingw32/bin/../lib/gcc/nios2-elf/4.1.2\libgcc.a(_mul_df.o)
                0x00806948                __muldf3
 .text          0x00806d0c      0x258 c:/altera/13.0sp1/nios2eds/bin/gnu/h-i686-mingw32/bin/../lib/gcc/nios2-elf/4.1.2\libgcc.a(_div_df.o)
                0x00806d0c                __divdf3
 .text          0x00806f64       0x88 c:/altera/13.0sp1/nios2eds/bin/gnu/h-i686-mingw32/bin/../lib/gcc/nios2-elf/4.1.2\libgcc.a(_ge_df.o)
                0x00806f64                __gedf2
 .text          0x00806fec       0xf8 c:/altera/13.0sp1/nios2eds/bin/gnu/h-i686-mingw32/bin/../lib/gcc/nios2-elf/4.1.2\libgcc.a(_si_to_df.o)
                0x00806fec                __floatsidf
 .text          0x008070e4       0xd8 c:/altera/13.0sp1/nios2eds/bin/gnu/h-i686-mingw32/bin/../lib/gcc/nios2-elf/4.1.2\libgcc.a(_df_to_si.o)
                0x008070e4                __fixdfsi
 .text          0x008071bc       0x38 c:/altera/13.0sp1/nios2eds/bin/gnu/h-i686-mingw32/bin/../lib/gcc/nios2-elf/4.1.2\libgcc.a(_make_df.o)
                0x008071bc                __make_dp
 .text          0x008071f4       0x74 c:/altera/13.0sp1/nios2eds/bin/gnu/h-i686-mingw32/bin/../lib/gcc/nios2-elf/4.1.2\libgcc.a(_df_to_sf.o)
                0x008071f4                __truncdfsf2
 .text          0x00807268        0x0 c:/altera/13.0sp1/nios2eds/bin/gnu/h-i686-mingw32/bin/../lib/gcc/nios2-elf/4.1.2\libgcc.a(_thenan_df.o)
 .text          0x00807268      0x194 c:/altera/13.0sp1/nios2eds/bin/gnu/h-i686-mingw32/bin/../lib/gcc/nios2-elf/4.1.2\libgcc.a(_usi_to_df.o)
                0x00807268                __floatunsidf
 .text          0x008073fc       0x98 c:/altera/13.0sp1/nios2eds/bin/gnu/h-i686-mingw32/bin/../lib/gcc/nios2-elf/4.1.2\libgcc.a(_muldi3.o)
                0x008073fc                __muldi3
 .text          0x00807494       0x80 c:/altera/13.0sp1/nios2eds/bin/gnu/h-i686-mingw32/bin/../lib/gcc/nios2-elf/4.1.2\libgcc.a(_clzsi2.o)
                0x00807494                __clzsi2
 .text          0x00807514      0x160 c:/altera/13.0sp1/nios2eds/bin/gnu/h-i686-mingw32/bin/../lib/gcc/nios2-elf/4.1.2\libgcc.a(_pack_sf.o)
                0x00807514                __pack_f
 .text          0x00807674       0xc8 c:/altera/13.0sp1/nios2eds/bin/gnu/h-i686-mingw32/bin/../lib/gcc/nios2-elf/4.1.2\libgcc.a(_unpack_sf.o)
                0x00807674                __unpack_f
 .text          0x0080773c       0xa8 c:/altera/13.0sp1/nios2eds/bin/gnu/h-i686-mingw32/bin/../lib/gcc/nios2-elf/4.1.2\libgcc.a(_fpcmp_parts_sf.o)
                0x0080773c                __fpcmp_parts_f
 .text          0x008077e4       0x2c c:/altera/13.0sp1/nios2eds/bin/gnu/h-i686-mingw32/bin/../lib/gcc/nios2-elf/4.1.2\libgcc.a(_make_sf.o)
                0x008077e4                __make_fp
 .text          0x00807810      0x314 c:/altera/13.0sp1/nios2eds/bin/gnu/h-i686-mingw32/bin/../lib/gcc/nios2-elf/4.1.2\libgcc.a(_pack_df.o)
                0x00807810                __pack_d
 .text          0x00807b24      0x138 c:/altera/13.0sp1/nios2eds/bin/gnu/h-i686-mingw32/bin/../lib/gcc/nios2-elf/4.1.2\libgcc.a(_unpack_df.o)
                0x00807b24                __unpack_d
 .text          0x00807c5c       0xc8 c:/altera/13.0sp1/nios2eds/bin/gnu/h-i686-mingw32/bin/../lib/gcc/nios2-elf/4.1.2\libgcc.a(_fpcmp_parts_df.o)
                0x00807c5c                __fpcmp_parts_d
 .text          0x00807d24        0x0 c:/altera/13.0sp1/nios2eds/bin/gnu/h-i686-mingw32/bin/../lib/gcc/nios2-elf/4.1.2\libgcc.a(_clz.o)
 .text          0x00807d24        0x0 c:/altera/13.0sp1/nios2eds/bin/gnu/h-i686-mingw32/bin/../lib/gcc/nios2-elf/4.1.2/../../../../nios2-elf/lib\libc.a(lib_a-ctype_.o)
 .text          0x00807d24       0x10 c:/altera/13.0sp1/nios2eds/bin/gnu/h-i686-mingw32/bin/../lib/gcc/nios2-elf/4.1.2/../../../../nios2-elf/lib\libc.a(lib_a-errno.o)
                0x00807d24                __errno
 .text          0x00807d34       0x38 c:/altera/13.0sp1/nios2eds/bin/gnu/h-i686-mingw32/bin/../lib/gcc/nios2-elf/4.1.2/../../../../nios2-elf/lib\libc.a(lib_a-exit.o)
                0x00807d34                exit
 .text          0x00807d6c       0x60 c:/altera/13.0sp1/nios2eds/bin/gnu/h-i686-mingw32/bin/../lib/gcc/nios2-elf/4.1.2/../../../../nios2-elf/lib\libc.a(lib_a-fprintf.o)
                0x00807d6c                fprintf
                0x00807d98                _fprintf_r
 .text          0x00807dcc       0xdc c:/altera/13.0sp1/nios2eds/bin/gnu/h-i686-mingw32/bin/../lib/gcc/nios2-elf/4.1.2/../../../../nios2-elf/lib\libc.a(lib_a-fwrite.o)
                0x00807dcc                _fwrite_r
                0x00807e68                fwrite
 .text          0x00807ea8      0x128 c:/altera/13.0sp1/nios2eds/bin/gnu/h-i686-mingw32/bin/../lib/gcc/nios2-elf/4.1.2/../../../../nios2-elf/lib\libc.a(lib_a-getc.o)
                0x00807ea8                getc
                0x00807f40                _getc_r
 .text          0x00807fd0        0x0 c:/altera/13.0sp1/nios2eds/bin/gnu/h-i686-mingw32/bin/../lib/gcc/nios2-elf/4.1.2/../../../../nios2-elf/lib\libc.a(lib_a-impure.o)
 .text          0x00807fd0       0xa0 c:/altera/13.0sp1/nios2eds/bin/gnu/h-i686-mingw32/bin/../lib/gcc/nios2-elf/4.1.2/../../../../nios2-elf/lib\libc.a(lib_a-memcpy.o)
                0x00807fd0                memcpy
 .text          0x00808070       0xe0 c:/altera/13.0sp1/nios2eds/bin/gnu/h-i686-mingw32/bin/../lib/gcc/nios2-elf/4.1.2/../../../../nios2-elf/lib\libc.a(lib_a-memmove.o)
                0x00808070                memmove
 .text          0x00808150       0x98 c:/altera/13.0sp1/nios2eds/bin/gnu/h-i686-mingw32/bin/../lib/gcc/nios2-elf/4.1.2/../../../../nios2-elf/lib\libc.a(lib_a-memset.o)
                0x00808150                memset
 .text          0x008081e8       0x80 c:/altera/13.0sp1/nios2eds/bin/gnu/h-i686-mingw32/bin/../lib/gcc/nios2-elf/4.1.2/../../../../nios2-elf/lib\libc.a(lib_a-perror.o)
                0x008081e8                _perror_r
                0x00808254                perror
 .text          0x00808268       0x78 c:/altera/13.0sp1/nios2eds/bin/gnu/h-i686-mingw32/bin/../lib/gcc/nios2-elf/4.1.2/../../../../nios2-elf/lib\libc.a(lib_a-printf.o)
                0x00808268                printf
                0x008082ac                _printf_r
 .text          0x008082e0      0x1ec c:/altera/13.0sp1/nios2eds/bin/gnu/h-i686-mingw32/bin/../lib/gcc/nios2-elf/4.1.2/../../../../nios2-elf/lib\libc.a(lib_a-putc.o)
                0x008082e0                putc
                0x008083e4                _putc_r
 .text          0x008084cc       0x24 c:/altera/13.0sp1/nios2eds/bin/gnu/h-i686-mingw32/bin/../lib/gcc/nios2-elf/4.1.2/../../../../nios2-elf/lib\libc.a(lib_a-putchar.o)
                0x008084cc                putchar
                0x008084e8                _putchar_r
 .text          0x008084f0       0xb4 c:/altera/13.0sp1/nios2eds/bin/gnu/h-i686-mingw32/bin/../lib/gcc/nios2-elf/4.1.2/../../../../nios2-elf/lib\libc.a(lib_a-puts.o)
                0x008084f0                _puts_r
                0x00808590                puts
 .text          0x008085a4       0x60 c:/altera/13.0sp1/nios2eds/bin/gnu/h-i686-mingw32/bin/../lib/gcc/nios2-elf/4.1.2/../../../../nios2-elf/lib\libc.a(lib_a-rget.o)
                0x008085a4                __srget_r
                0x008085f0                __srget
 .text          0x00808604       0xe0 c:/altera/13.0sp1/nios2eds/bin/gnu/h-i686-mingw32/bin/../lib/gcc/nios2-elf/4.1.2/../../../../nios2-elf/lib\libc.a(lib_a-strchr.o)
                0x00808604                strchr
 .text          0x008086e4      0x674 c:/altera/13.0sp1/nios2eds/bin/gnu/h-i686-mingw32/bin/../lib/gcc/nios2-elf/4.1.2/../../../../nios2-elf/lib\libc.a(lib_a-strerror.o)
                0x008086e4                strerror
 .text          0x00808d58       0x74 c:/altera/13.0sp1/nios2eds/bin/gnu/h-i686-mingw32/bin/../lib/gcc/nios2-elf/4.1.2/../../../../nios2-elf/lib\libc.a(lib_a-strlen.o)
                0x00808d58                strlen
 .text          0x00808dcc        0x8 c:/altera/13.0sp1/nios2eds/bin/gnu/h-i686-mingw32/bin/../lib/gcc/nios2-elf/4.1.2/../../../../nios2-elf/lib\libc.a(lib_a-u_strerr.o)
                0x00808dcc                _user_strerror
 .text          0x00808dd4     0x1f28 c:/altera/13.0sp1/nios2eds/bin/gnu/h-i686-mingw32/bin/../lib/gcc/nios2-elf/4.1.2/../../../../nios2-elf/lib\libc.a(lib_a-vfprintf.o)
                0x00808e2c                ___vfprintf_internal_r
                0x0080acd8                __vfprintf_internal
 .text          0x0080acfc      0x14c c:/altera/13.0sp1/nios2eds/bin/gnu/h-i686-mingw32/bin/../lib/gcc/nios2-elf/4.1.2/../../../../nios2-elf/lib\libc.a(lib_a-wbuf.o)
                0x0080acfc                __swbuf_r
                0x0080ae2c                __swbuf
 .text          0x0080ae48      0x13c c:/altera/13.0sp1/nios2eds/bin/gnu/h-i686-mingw32/bin/../lib/gcc/nios2-elf/4.1.2/../../../../nios2-elf/lib\libc.a(lib_a-wsetup.o)
                0x0080ae48                __swsetup_r
 .text          0x0080af84      0x1b4 c:/altera/13.0sp1/nios2eds/bin/gnu/h-i686-mingw32/bin/../lib/gcc/nios2-elf/4.1.2/../../../../nios2-elf/lib\libc.a(lib_a-__call_atexit.o)
                0x0080af88                __call_exitprocs
 .text          0x0080b138     0x17cc c:/altera/13.0sp1/nios2eds/bin/gnu/h-i686-mingw32/bin/../lib/gcc/nios2-elf/4.1.2/../../../../nios2-elf/lib\libc.a(lib_a-dtoa.o)
                0x0080b350                _dtoa_r
 .text          0x0080c904      0x230 c:/altera/13.0sp1/nios2eds/bin/gnu/h-i686-mingw32/bin/../lib/gcc/nios2-elf/4.1.2/../../../../nios2-elf/lib\libc.a(lib_a-fflush.o)
                0x0080c904                _fflush_r
                0x0080cb00                fflush
 .text          0x0080cb34      0x2c0 c:/altera/13.0sp1/nios2eds/bin/gnu/h-i686-mingw32/bin/../lib/gcc/nios2-elf/4.1.2/../../../../nios2-elf/lib\libc.a(lib_a-findfp.o)
                0x0080cb8c                __sfp_lock_acquire
                0x0080cb90                __sfp_lock_release
                0x0080cb94                __sinit_lock_acquire
                0x0080cb98                __sinit_lock_release
                0x0080cb9c                __sinit
                0x0080cc50                __fp_unlock_all
                0x0080cc68                __fp_lock_all
                0x0080cc80                _cleanup_r
                0x0080cc8c                _cleanup
                0x0080cc9c                __sfmoreglue
                0x0080cd04                __sfp
 .text          0x0080cdf4       0xbc c:/altera/13.0sp1/nios2eds/bin/gnu/h-i686-mingw32/bin/../lib/gcc/nios2-elf/4.1.2/../../../../nios2-elf/lib\libc.a(lib_a-fputc.o)
                0x0080cdf4                fputc
                0x0080ce58                _fputc_r
 .text          0x0080ceb0       0x90 c:/altera/13.0sp1/nios2eds/bin/gnu/h-i686-mingw32/bin/../lib/gcc/nios2-elf/4.1.2/../../../../nios2-elf/lib\libc.a(lib_a-fputs.o)
                0x0080ceb0                _fputs_r
                0x0080cf24                fputs
 .text          0x0080cf40      0x440 c:/altera/13.0sp1/nios2eds/bin/gnu/h-i686-mingw32/bin/../lib/gcc/nios2-elf/4.1.2/../../../../nios2-elf/lib\libc.a(lib_a-freer.o)
                0x0080cf40                _malloc_trim_r
                0x0080d06c                _free_r
 .text          0x0080d380      0x49c c:/altera/13.0sp1/nios2eds/bin/gnu/h-i686-mingw32/bin/../lib/gcc/nios2-elf/4.1.2/../../../../nios2-elf/lib\libc.a(lib_a-fvwrite.o)
                0x0080d380                __sfvwrite_r
 .text          0x0080d81c      0x180 c:/altera/13.0sp1/nios2eds/bin/gnu/h-i686-mingw32/bin/../lib/gcc/nios2-elf/4.1.2/../../../../nios2-elf/lib\libc.a(lib_a-fwalk.o)
                0x0080d81c                _fwalk_reent
                0x0080d8e4                _fwalk
 .text          0x0080d99c       0xc4 c:/altera/13.0sp1/nios2eds/bin/gnu/h-i686-mingw32/bin/../lib/gcc/nios2-elf/4.1.2/../../../../nios2-elf/lib\libc.a(lib_a-locale.o)
                0x0080d99c                __locale_charset
                0x0080d9a4                _localeconv_r
                0x0080d9b0                localeconv
                0x0080d9c0                _setlocale_r
                0x0080da44                setlocale
 .text          0x0080da60      0x194 c:/altera/13.0sp1/nios2eds/bin/gnu/h-i686-mingw32/bin/../lib/gcc/nios2-elf/4.1.2/../../../../nios2-elf/lib\libc.a(lib_a-makebuf.o)
                0x0080da60                __smakebuf_r
 .text          0x0080dbf4      0x740 c:/altera/13.0sp1/nios2eds/bin/gnu/h-i686-mingw32/bin/../lib/gcc/nios2-elf/4.1.2/../../../../nios2-elf/lib\libc.a(lib_a-mallocr.o)
                0x0080dbf4                _malloc_r
 .text          0x0080e334       0xe4 c:/altera/13.0sp1/nios2eds/bin/gnu/h-i686-mingw32/bin/../lib/gcc/nios2-elf/4.1.2/../../../../nios2-elf/lib\libc.a(lib_a-memchr.o)
                0x0080e334                memchr
 .text          0x0080e418      0xff4 c:/altera/13.0sp1/nios2eds/bin/gnu/h-i686-mingw32/bin/../lib/gcc/nios2-elf/4.1.2/../../../../nios2-elf/lib\libc.a(lib_a-mprec.o)
                0x0080e418                _Bfree
                0x0080e440                __hi0bits
                0x0080e4b0                __lo0bits
                0x0080e574                __mcmp
                0x0080e5d4                __ulp
                0x0080e654                __b2d
                0x0080e774                __ratio
                0x0080e824                _mprec_log10
                0x0080e8b8                __copybits
                0x0080e910                __any_on
                0x0080e998                _Balloc
                0x0080ea54                __d2b
                0x0080ebd0                __mdiff
                0x0080ed5c                __lshift
                0x0080eea8                __multiply
                0x0080f090                __i2b
                0x0080f0cc                __multadd
                0x0080f1cc                __pow5mult
                0x0080f2ec                __s2b
 .text          0x0080f40c      0x5f4 c:/altera/13.0sp1/nios2eds/bin/gnu/h-i686-mingw32/bin/../lib/gcc/nios2-elf/4.1.2/../../../../nios2-elf/lib\libc.a(lib_a-reallocr.o)
                0x0080f40c                _realloc_r
 .text          0x0080fa00      0x1e0 c:/altera/13.0sp1/nios2eds/bin/gnu/h-i686-mingw32/bin/../lib/gcc/nios2-elf/4.1.2/../../../../nios2-elf/lib\libc.a(lib_a-refill.o)
                0x0080fa00                __srefill_r
 .text          0x0080fbe0       0x40 c:/altera/13.0sp1/nios2eds/bin/gnu/h-i686-mingw32/bin/../lib/gcc/nios2-elf/4.1.2/../../../../nios2-elf/lib\libc.a(lib_a-s_isinfd.o)
                0x0080fbe0                __isinfd
 .text          0x0080fc20       0x30 c:/altera/13.0sp1/nios2eds/bin/gnu/h-i686-mingw32/bin/../lib/gcc/nios2-elf/4.1.2/../../../../nios2-elf/lib\libc.a(lib_a-s_isnand.o)
                0x0080fc20                __isnand
 .text          0x0080fc50       0x70 c:/altera/13.0sp1/nios2eds/bin/gnu/h-i686-mingw32/bin/../lib/gcc/nios2-elf/4.1.2/../../../../nios2-elf/lib\libc.a(lib_a-sbrkr.o)
                0x0080fc50                _sbrk_r
 .text          0x0080fcc0      0x14c c:/altera/13.0sp1/nios2eds/bin/gnu/h-i686-mingw32/bin/../lib/gcc/nios2-elf/4.1.2/../../../../nios2-elf/lib\libc.a(lib_a-stdio.o)
                0x0080fcc0                __sclose
                0x0080fcc8                __sseek
                0x0080fd30                __swrite
                0x0080fdac                __sread
 .text          0x0080fe0c       0xbc c:/altera/13.0sp1/nios2eds/bin/gnu/h-i686-mingw32/bin/../lib/gcc/nios2-elf/4.1.2/../../../../nios2-elf/lib\libc.a(lib_a-strcmp.o)
                0x0080fe0c                strcmp
 .text          0x0080fec8       0x78 c:/altera/13.0sp1/nios2eds/bin/gnu/h-i686-mingw32/bin/../lib/gcc/nios2-elf/4.1.2/../../../../nios2-elf/lib\libc.a(lib_a-writer.o)
                0x0080fec8                _write_r
 .text          0x0080ff40       0xb4 c:/altera/13.0sp1/nios2eds/bin/gnu/h-i686-mingw32/bin/../lib/gcc/nios2-elf/4.1.2/../../../../nios2-elf/lib\libc.a(lib_a-callocr.o)
                0x0080ff40                _calloc_r
 .text          0x0080fff4       0x70 c:/altera/13.0sp1/nios2eds/bin/gnu/h-i686-mingw32/bin/../lib/gcc/nios2-elf/4.1.2/../../../../nios2-elf/lib\libc.a(lib_a-closer.o)
                0x0080fff4                _close_r
 .text          0x00810064      0x124 c:/altera/13.0sp1/nios2eds/bin/gnu/h-i686-mingw32/bin/../lib/gcc/nios2-elf/4.1.2/../../../../nios2-elf/lib\libc.a(lib_a-fclose.o)
                0x00810064                _fclose_r
                0x00810174                fclose
 .text          0x00810188       0x74 c:/altera/13.0sp1/nios2eds/bin/gnu/h-i686-mingw32/bin/../lib/gcc/nios2-elf/4.1.2/../../../../nios2-elf/lib\libc.a(lib_a-fstatr.o)
                0x00810188                _fstat_r
 .text          0x008101fc        0x0 c:/altera/13.0sp1/nios2eds/bin/gnu/h-i686-mingw32/bin/../lib/gcc/nios2-elf/4.1.2/../../../../nios2-elf/lib\libc.a(lib_a-int_errno.o)
 .text          0x008101fc       0x70 c:/altera/13.0sp1/nios2eds/bin/gnu/h-i686-mingw32/bin/../lib/gcc/nios2-elf/4.1.2/../../../../nios2-elf/lib\libc.a(lib_a-isattyr.o)
                0x008101fc                _isatty_r
 .text          0x0081026c       0x78 c:/altera/13.0sp1/nios2eds/bin/gnu/h-i686-mingw32/bin/../lib/gcc/nios2-elf/4.1.2/../../../../nios2-elf/lib\libc.a(lib_a-lseekr.o)
                0x0081026c                _lseek_r
 .text          0x008102e4       0x78 c:/altera/13.0sp1/nios2eds/bin/gnu/h-i686-mingw32/bin/../lib/gcc/nios2-elf/4.1.2/../../../../nios2-elf/lib\libc.a(lib_a-readr.o)
                0x008102e4                _read_r
 .text          0x0081035c      0x5dc c:/altera/13.0sp1/nios2eds/bin/gnu/h-i686-mingw32/bin/../lib/gcc/nios2-elf/4.1.2\libgcc.a(_udivdi3.o)
                0x0081035c                __udivdi3
 .text          0x00810938      0x5b0 c:/altera/13.0sp1/nios2eds/bin/gnu/h-i686-mingw32/bin/../lib/gcc/nios2-elf/4.1.2\libgcc.a(_umoddi3.o)
                0x00810938                __umoddi3
 .text          0x00810ee8       0x88 c:/altera/13.0sp1/nios2eds/bin/gnu/h-i686-mingw32/bin/../lib/gcc/nios2-elf/4.1.2\libgcc.a(_eq_df.o)
                0x00810ee8                __eqdf2
 .text          0x00810f70       0x88 c:/altera/13.0sp1/nios2eds/bin/gnu/h-i686-mingw32/bin/../lib/gcc/nios2-elf/4.1.2\libgcc.a(_ne_df.o)
                0x00810f70                __nedf2
 .text          0x00810ff8       0x88 c:/altera/13.0sp1/nios2eds/bin/gnu/h-i686-mingw32/bin/../lib/gcc/nios2-elf/4.1.2\libgcc.a(_gt_df.o)
                0x00810ff8                __gtdf2
 .text          0x00811080       0x88 c:/altera/13.0sp1/nios2eds/bin/gnu/h-i686-mingw32/bin/../lib/gcc/nios2-elf/4.1.2\libgcc.a(_lt_df.o)
                0x00811080                __ltdf2
 .text          0x00811108      0x14c c:/altera/13.0sp1/nios2eds/bin/gnu/h-i686-mingw32/bin/../lib/gcc/nios2-elf/4.1.2\libgcc.a(lib2-divmod.o)
                0x00811184                __divsi3
                0x008111e4                __modsi3
                0x00811244                __udivsi3
                0x0081124c                __umodsi3
 .text          0x00811254       0x6c ../simple_socket_bsp/\libucosii_bsp.a(alt_exit.o)
                0x00811294                _exit
 .text          0x008112c0       0xd0 ../simple_socket_bsp/\libucosii_bsp.a(alt_flash_dev.o)
                0x008112c0                alt_flash_open_dev
                0x0081133c                alt_flash_close_dev
 .text          0x00811390      0x134 ../simple_socket_bsp/\libucosii_bsp.a(alt_fstat.o)
                0x00811390                fstat
 .text          0x008114c4      0x1c0 ../simple_socket_bsp/\libucosii_bsp.a(alt_irq_register.o)
                0x008114c4                alt_irq_register
 .text          0x00811684        0x0 ../simple_socket_bsp/\libucosii_bsp.a(alt_irq_vars.o)
 .text          0x00811684      0x120 ../simple_socket_bsp/\libucosii_bsp.a(alt_isatty.o)
                0x00811684                isatty
 .text          0x008117a4      0x150 ../simple_socket_bsp/\libucosii_bsp.a(alt_lseek.o)
                0x008117a4                lseek
 .text          0x008118f4       0xc8 ../simple_socket_bsp/\libucosii_bsp.a(alt_main.o)
                0x008118f4                alt_main
 .text          0x008119bc       0xbc ../simple_socket_bsp/\libucosii_bsp.a(alt_sbrk.o)
                0x008119bc                sbrk
 .text          0x00811a78      0x118 ../simple_socket_bsp/\libucosii_bsp.a(alt_usleep.o)
                0x00811a78                usleep
 .text          0x00811b90      0x108 ../simple_socket_bsp/\libucosii_bsp.a(alt_env_lock.o)
                0x00811b90                __env_lock
                0x00811c3c                __env_unlock
 .text          0x00811c98      0x1d8 ../simple_socket_bsp/\libucosii_bsp.a(alt_malloc_lock.o)
                0x00811c98                __malloc_lock
                0x00811da0                __malloc_unlock
 .text          0x00811e70     0x2128 ../simple_socket_bsp/\libucosii_bsp.a(os_core.o)
                0x00811e70                OSEventNameGet
                0x00811fa0                OSEventNameSet
                0x008120e4                OSEventPendMulti
                0x00812798                OSInit
                0x008127ec                OSIntEnter
                0x00812868                OSIntExit
                0x00812968                OSSchedLock
                0x008129f4                OSSchedUnlock
                0x00812ad8                OSStart
                0x00812b48                OSStatInit
                0x00812bf4                OSTimeTick
                0x00812e34                OSVersion
                0x00812e54                OS_Dummy
                0x00812e70                OS_EventTaskRdy
                0x00813004                OS_EventTaskWait
                0x00813114                OS_EventTaskWaitMulti
                0x00813268                OS_EventTaskRemove
                0x00813320                OS_EventTaskRemoveMulti
                0x00813424                OS_EventWaitListInit
                0x008137f0                OS_MemClr
                0x00813844                OS_MemCopy
                0x008138b0                OS_Sched
                0x008139f4                OS_StrCopy
                0x00813a74                OS_StrLen
                0x00813acc                OS_TaskIdle
                0x00813b28                OS_TaskStat
                0x00813bf0                OS_TaskStatStkChk
                0x00813cb8                OS_TCBInit
 .text          0x00813f98      0x18c ../simple_socket_bsp/\libucosii_bsp.a(os_dbg.o)
                0x00813f98                OSDebugInit
 .text          0x00814124     0x193c ../simple_socket_bsp/\libucosii_bsp.a(os_flag.o)
                0x00814124                OSFlagAccept
                0x00814458                OSFlagCreate
                0x00814594                OSFlagDel
                0x0081483c                OSFlagNameGet
                0x00814980                OSFlagNameSet
                0x00814ad4                OSFlagPend
                0x00815118                OSFlagPendGetFlagsRdy
                0x00815180                OSFlagPost
                0x00815528                OSFlagQuery
                0x008157c0                OS_FlagInit
                0x008159b4                OS_FlagUnlink
 .text          0x00815a60      0x808 ../simple_socket_bsp/\libucosii_bsp.a(os_mem.o)
                0x00815a60                OSMemCreate
                0x00815c7c                OSMemGet
                0x00815d80                OSMemNameGet
                0x00815e8c                OSMemNameSet
                0x00815fac                OSMemPut
                0x0081609c                OSMemQuery
                0x00816198                OS_MemInit
 .text          0x00816268     0x1334 ../simple_socket_bsp/\libucosii_bsp.a(os_q.o)
                0x00816268                OSQAccept
                0x008163bc                OSQCreate
                0x008165d0                OSQDel
                0x008168d0                OSQFlush
                0x00816998                OSQPend
                0x00816cb8                OSQPendAbort
                0x00816e34                OSQPost
                0x00816fb4                OSQPostFront
                0x0081713c                OSQPostOpt
                0x00817370                OSQQuery
                0x008174f0                OS_QInit
 .text          0x0081759c      0xbc8 ../simple_socket_bsp/\libucosii_bsp.a(os_sem.o)
                0x0081759c                OSSemAccept
                0x0081765c                OSSemCreate
                0x00817770                OSSemDel
                0x00817a10                OSSemPend
                0x00817c8c                OSSemPendAbort
                0x00817e08                OSSemPost
                0x00817f30                OSSemQuery
                0x00818060                OSSemSet
 .text          0x00818164     0x1a40 ../simple_socket_bsp/\libucosii_bsp.a(os_task.o)
                0x00818164                OSTaskChangePrio
                0x008186d8                OSTaskCreate
                0x008188ac                OSTaskCreateExt
                0x00818aac                OSTaskDel
                0x00818eb8                OSTaskDelReq
                0x00819028                OSTaskNameGet
                0x008191e0                OSTaskNameSet
                0x008193a4                OSTaskResume
                0x008195bc                OSTaskStkChk
                0x008197b8                OSTaskSuspend
                0x008199e4                OSTaskQuery
                0x00819b28                OS_TaskStkClr
 .text          0x00819ba4      0x670 ../simple_socket_bsp/\libucosii_bsp.a(os_time.o)
                0x00819ba4                OSTimeDly
                0x00819cf0                OSTimeDlyHMSM
                0x00819f3c                OSTimeDlyResume
                0x0081a14c                OSTimeGet
                0x0081a1b0                OSTimeSet
 .text          0x0081a214      0x118 ../simple_socket_bsp/\libucosii_bsp.a(alt_sys_init.o)
                0x0081a214                alt_irq_init
                0x0081a248                alt_sys_init
 .text          0x0081a32c      0x8c8 ../simple_socket_bsp/\libucosii_bsp.a(altera_avalon_cfi_flash.o)
                0x0081a32c                alt_flash_cfi_init
                0x0081a400                alt_flash_cfi_write
                0x0081a6c0                alt_flash_cfi_get_info
                0x0081a750                alt_flash_cfi_read
                0x0081a7b8                alt_write_value_to_flash
                0x0081a91c                alt_flash_program_block
 .text          0x0081abf4     0x14a8 ../simple_socket_bsp/\libucosii_bsp.a(altera_avalon_cfi_flash_table.o)
                0x0081abf4                alt_read_query_entry_8bit
                0x0081ac34                alt_read_query_entry_16bit
                0x0081ac78                alt_read_query_entry_32bit
                0x0081acc0                alt_write_flash_command_8bit_device_8bit_mode
                0x0081acfc                alt_write_flash_command_16bit_device_8bit_mode
                0x0081ad78                alt_write_flash_command_32bit_device_8bit_mode
                0x0081adc0                alt_write_flash_command_16bit_device_16bit_mode
                0x0081ae04                alt_write_flash_command_32bit_device_16bit_mode
                0x0081ae4c                alt_write_flash_command_32bit_device_32bit_mode
                0x0081ae94                alt_write_native_8bit
                0x0081aec8                alt_write_native_16bit
                0x0081aefc                alt_write_native_32bit
                0x0081af2c                alt_set_flash_width_func
                0x0081b10c                alt_set_flash_algorithm_func
                0x0081b234                alt_read_cfi_table
                0x0081b814                alt_read_cfi_width
                0x0081bfc0                alt_check_primary_table
 .text          0x0081c09c      0x9e4 ../simple_socket_bsp/\libucosii_bsp.a(altera_avalon_epcs_flash_controller.o)
                0x0081c09c                alt_epcs_flash_init
                0x0081c4b8                alt_epcs_flash_write
                0x0081c738                alt_epcs_flash_get_info
                0x0081c7c8                alt_epcs_flash_erase_block
                0x0081c8cc                alt_epcs_flash_write_block
                0x0081c9e8                alt_epcs_flash_read
 .text          0x0081ca80      0x148 ../simple_socket_bsp/\libucosii_bsp.a(altera_avalon_jtag_uart_fd.o)
                0x0081ca80                altera_avalon_jtag_uart_read_fd
                0x0081cad8                altera_avalon_jtag_uart_write_fd
                0x0081cb30                altera_avalon_jtag_uart_close_fd
                0x0081cb78                altera_avalon_jtag_uart_ioctl_fd
 .text          0x0081cbc8      0x584 ../simple_socket_bsp/\libucosii_bsp.a(altera_avalon_jtag_uart_init.o)
                0x0081cbc8                altera_avalon_jtag_uart_init
                0x0081d0d8                altera_avalon_jtag_uart_close
 .text          0x0081d14c       0xf4 ../simple_socket_bsp/\libucosii_bsp.a(altera_avalon_jtag_uart_ioctl.o)
                0x0081d14c                altera_avalon_jtag_uart_ioctl
 .text          0x0081d240      0x2c0 ../simple_socket_bsp/\libucosii_bsp.a(altera_avalon_jtag_uart_read.o)
                0x0081d240                altera_avalon_jtag_uart_read
 .text          0x0081d500      0x2dc ../simple_socket_bsp/\libucosii_bsp.a(altera_avalon_jtag_uart_write.o)
                0x0081d500                altera_avalon_jtag_uart_write
 .text          0x0081d7dc      0xf3c ../simple_socket_bsp/\libucosii_bsp.a(altera_avalon_lcd_16207.o)
                0x0081dfb0                altera_avalon_lcd_16207_write
                0x0081e5b4                altera_avalon_lcd_16207_init
 .text          0x0081e718       0x58 ../simple_socket_bsp/\libucosii_bsp.a(altera_avalon_lcd_16207_fd.o)
                0x0081e718                altera_avalon_lcd_16207_write_fd
 .text          0x0081e770      0x100 ../simple_socket_bsp/\libucosii_bsp.a(altera_avalon_timer_sc.o)
                0x0081e7e0                alt_avalon_timer_sc_init
 .text          0x0081e870       0xf8 ../simple_socket_bsp/\libucosii_bsp.a(altera_avalon_uart_fd.o)
                0x0081e870                altera_avalon_uart_read_fd
                0x0081e8c8                altera_avalon_uart_write_fd
                0x0081e920                altera_avalon_uart_close_fd
 .text          0x0081e968      0x57c ../simple_socket_bsp/\libucosii_bsp.a(altera_avalon_uart_init.o)
                0x0081e968                altera_avalon_uart_init
                0x0081ee84                altera_avalon_uart_close
 .text          0x0081eee4      0x310 ../simple_socket_bsp/\libucosii_bsp.a(altera_avalon_uart_read.o)
                0x0081eee4                altera_avalon_uart_read
 .text          0x0081f1f4      0x2a8 ../simple_socket_bsp/\libucosii_bsp.a(altera_avalon_uart_write.o)
                0x0081f1f4                altera_avalon_uart_write
 .text          0x0081f49c      0x6d4 ../simple_socket_bsp/\libucosii_bsp.a(epcs_commands.o)
                0x0081f49c                epcs_read_status_register
                0x0081f4fc                epcs_sector_erase
                0x0081f664                epcs_read_buffer
                0x0081f7b0                epcs_write_enable
                0x0081f800                epcs_write_status_register
                0x0081f864                epcs_write_buffer
                0x0081f9d4                epcs_read_electronic_signature
                0x0081fa40                epcs_read_device_id
                0x0081fac0                epcs_enter_4_bytes_mode
                0x0081fb18                epcs_exit_4_bytes_mode
 .text          0x0081fb70       0x54 ../simple_socket_bsp/\libucosii_bsp.a(alt_iniche_close.o)
                0x0081fb70                close
 .text          0x0081fbc4      0x144 ../simple_socket_bsp/\libucosii_bsp.a(alt_iniche_dev.o)
                0x0081fbc4                iniche_devices_init
 .text          0x0081fd08       0x78 ../simple_socket_bsp/\libucosii_bsp.a(alt_iniche_read.o)
                0x0081fd08                read
 .text          0x0081fd80       0x70 ../simple_socket_bsp/\libucosii_bsp.a(alt_iniche_write.o)
                0x0081fd80                write
 .text          0x0081fdf0      0xedc ../simple_socket_bsp/\libucosii_bsp.a(ipnet.o)
                0x0081fdf0                Netinit
                0x0082043c                fixup_subnet_mask
                0x0082059c                netclose
                0x00820684                pktdemux
                0x00820a58                c_older
                0x00820b28                ip2mac
 .text          0x00820ccc      0x4b0 ../simple_socket_bsp/\libucosii_bsp.a(ipstart.o)
                0x00820ccc                ip_startup
                0x00820fb0                exit_hook
                0x0082101c                ip_exit
                0x008210ec                if_netnumber
 .text          0x0082117c     0x10e8 ../simple_socket_bsp/\libucosii_bsp.a(igmp_cmn.o)
                0x0082117c                igmp_init
                0x0082126c                igmp_input
                0x00821364                igmp_fasttimo
                0x00821598                igmp_send
                0x00821840                igmp_joingroup
                0x00821aac                igmp_leavegroup
                0x00821b28                igmp_validate
                0x00821e84                igmp_print_stats
 .text          0x00822264      0xbc8 ../simple_socket_bsp/\libucosii_bsp.a(bsdsock.o)
                0x00822264                bsd_accept
                0x0082239c                bsd_getpeername
                0x008224c8                bsd_getsockname
                0x008225f4                bsd_i_sockoptlen
                0x008227ac                bsd_getsockopt
                0x008228cc                bsd_ioctl
                0x008229d0                bsd_inet_ntoa
                0x00822a00                bsd_recvfrom
                0x00822b60                bsd_select
                0x00822d40                bsd_setsockopt
 .text          0x00822e2c      0x118 ../simple_socket_bsp/\libucosii_bsp.a(cksum.o)
                0x00822e2c                ccksum
                0x00822edc                cksum
 .text          0x00822f44      0xa9c ../simple_socket_bsp/\libucosii_bsp.a(in_utils.o)
                0x00822f44                do_trap
                0x00822f70                nextarg
                0x00822fec                hexdump
                0x00823134                print_ipad
                0x008231a8                print_uptime
                0x008232d4                panic
                0x00823318                print_eth
                0x0082347c                uslash
                0x008234fc                ns_printf
                0x00823680                std_out
                0x008236c4                con_page
                0x008237b4                parse_args
 .text          0x008239e0      0x1c8 ../simple_socket_bsp/\libucosii_bsp.a(netmain.o)
                0x008239e0                netmain
                0x00823ad4                tk_netmain
                0x00823b5c                tk_nettick
 .text          0x00823ba8      0x810 ../simple_socket_bsp/\libucosii_bsp.a(parseip.o)
                0x00823ba8                parse_ipad
                0x00823ec4                inet_addr
                0x00823f2c                hextoa
                0x00823f9c                inet_pton
                0x00824048                inet_ntop
                0x008240d4                print46_addr
                0x00824134                inet46_addr
                0x008241f8                inet_setport
                0x0082426c                convert_ip
 .text          0x008243b8      0x5e8 ../simple_socket_bsp/\libucosii_bsp.a(tk_crnos.o)
                0x008243b8                TK_OSTimeDly
                0x008243e4                TK_OSTaskResume
                0x00824454                tcp_sleep
                0x008245f4                tcp_wakeup
                0x008246f8                TK_OSTaskQuery
                0x0082476c                tk_yield
                0x00824798                tk_stats
 .text          0x008249a0     0x3294 ../simple_socket_bsp/\libucosii_bsp.a(dhcpclnt.o)
                0x008249a0                dhc_get_srv_ipaddr
                0x00824a30                dhc_init
                0x00824aec                dhc_set_callback
                0x00824b30                dhc_upcall
                0x00825360                dhc_buildheader
                0x0082557c                dhc_discover
                0x00825a94                dhc_rx_offer
                0x00825b98                dhc_request
                0x008266d4                dhc_setip
                0x00826954                dhc_resetip
                0x00826a38                dhc_decline
                0x00826c1c                dhc_extract_opts
                0x00826ed8                dhc_second
                0x008277c8                dhc_halt
                0x00827850                dhc_reclaim
                0x00827a20                dhc_state_init
                0x00827a80                dhc_alldone
                0x00827b10                dhc_ifacedone
                0x00827b84                dhc_set_state
 .text          0x00827c34       0xcc ../simple_socket_bsp/\libucosii_bsp.a(dhcputil.o)
                0x00827c34                find_opt
 .text          0x00827d00      0x79c ../simple_socket_bsp/\libucosii_bsp.a(pktalloc.o)
                0x00827d00                pk_init
                0x00827f90                pk_alloc
                0x0082806c                pk_validate
                0x00828324                pk_free
                0x008283d0                pk_get_max_intrsafe_buf_len
                0x008283f0                dump_buf_estats
 .text          0x0082849c      0x288 ../simple_socket_bsp/\libucosii_bsp.a(q.o)
                0x0082849c                getq
                0x00828564                putq
                0x00828614                qdel
 .text          0x00828724      0x31c ../simple_socket_bsp/\libucosii_bsp.a(udp_open.o)
                0x00828724                udp_open
                0x0082895c                udp_close
 .text          0x00828a40      0x194 ../simple_socket_bsp/\libucosii_bsp.a(asm_cksum.o)
                0x00828a40                asm_cksum
 .text          0x00828bd4      0x2e4 ../simple_socket_bsp/\libucosii_bsp.a(brdutils.o)
                0x00828bd4                dtrap
                0x00828c04                kbhit
                0x00828cb0                getch
                0x00828d10                clock_init
                0x00828d4c                clock_c
                0x00828d68                cticks_hook
                0x00828e18                irq_Mask
                0x00828e74                irq_Unmask
 .text          0x00828eb8      0x488 ../simple_socket_bsp/\libucosii_bsp.a(osportco.o)
                0x00828eb8                LOCK_NET_RESOURCE
                0x00828f78                UNLOCK_NET_RESOURCE
                0x00829000                TK_NEWTASK
                0x00829214                wait_app_sem
                0x008292c8                post_app_sem
 .text          0x00829340      0x568 ../simple_socket_bsp/\libucosii_bsp.a(targnios.o)
                0x00829340                alt_iniche_init
                0x0082955c                pre_task_setup
                0x008295d0                post_task_setup
                0x008295f0                prep_armintcp
                0x00829628                calloc2
                0x0082965c                npalloc
                0x00829750                npfree
                0x00829808                ncpalloc
                0x0082985c                ncpfree
 .text          0x008298a8     0x19b8 ../simple_socket_bsp/\libucosii_bsp.a(nptcp.o)
                0x008298a8                pffindtype
                0x00829948                pffindproto
                0x00829a18                m_getnbuf
                0x00829bc0                m_free
                0x00829cf4                m_freem
                0x00829d38                m_copy
                0x0082a05c                m_adj
                0x0082a22c                mbuf_len
                0x0082a284                dtom
                0x0082a32c                remque
                0x0082a39c                insque
                0x0082a418                nptcp_init
                0x0082a53c                tcp_rcv
                0x0082a728                ip_output
                0x0082ad20                in_broadcast
                0x0082ad60                np_stripoptions
                0x0082ae48                so_icmpdu
                0x0082b1a0                tcp_tick
 .text          0x0082b260      0xa2c ../simple_socket_bsp/\libucosii_bsp.a(rawsock.o)
                0x0082b260                rawip_lookup
                0x0082b2d0                rawip_soinput
                0x0082b4a4                rawip_usrreq
 .text          0x0082bc8c     0x17fc ../simple_socket_bsp/\libucosii_bsp.a(sockcall.o)
                0x0082bc8c                DOMAIN_CHECK
                0x0082bcd8                t_socket
                0x0082bd68                t_bind
                0x0082bee4                t_listen
                0x0082bfc8                t_accept
                0x0082c260                t_connect
                0x0082c508                t_getpeername
                0x0082c54c                t_getsockname
                0x0082c78c                t_setsockopt
                0x0082c968                t_getsockopt
                0x0082cb0c                t_recv
                0x0082cbfc                t_recvfrom
                0x0082cd4c                t_sendto
                0x0082cf78                t_send
                0x0082d1a0                t_shutdown
                0x0082d284                t_socketclose
                0x0082d3ec                t_errno
 .text          0x0082d488     0x23ec ../simple_socket_bsp/\libucosii_bsp.a(socket.o)
                0x0082d488                socreate
                0x0082d654                sobind
                0x0082d6b0                solisten
                0x0082d7a0                sofree
                0x0082d8d0                soclose
                0x0082dc3c                soabort
                0x0082dc8c                soaccept
                0x0082dd28                soconnect
                0x0082ddfc                sodisconnect
                0x0082de9c                sosend
                0x0082e4a4                soreceive
                0x0082ec88                soshutdown
                0x0082ed30                sorflush
                0x0082ee30                sosetopt
                0x0082f2f0                sogetopt
                0x0082f830                sohasoutofband
 .text          0x0082f874     0x1318 ../simple_socket_bsp/\libucosii_bsp.a(socket2.o)
                0x0082f874                soisconnecting
                0x0082f8e0                soisconnected
                0x0082f9dc                soisdisconnecting
                0x0082fa68                soisdisconnected
                0x0082fb24                sonewconn
                0x0082fd40                soqinsque
                0x0082fdec                soqremque
                0x0082ff0c                socantsendmore
                0x0082ff5c                socantrcvmore
                0x0082ffac                sbselqueue
                0x0082ffe4                sbwait
                0x0083004c                sbwakeup
                0x008300e8                soreserve
                0x00830168                sbreserve
                0x008301c8                sbrelease
                0x00830210                sbappend
                0x008302b8                sbappendrecord
                0x00830398                sbappendaddr
                0x008305a0                sbcompress
                0x00830788                sbflush
                0x00830818                sbdrop
                0x008309e8                sbdropend
                0x00830af8                sbdroprecord
 .text          0x00830b8c      0x914 ../simple_socket_bsp/\libucosii_bsp.a(soselect.o)
                0x00830b8c                t_select
                0x00830dac                sock_selscan
                0x00830f04                sock_select
                0x00831118                in_pcbnotify
                0x008311e4                tcp_notify
                0x0083124c                ifd_clr
                0x0083133c                ifd_set
                0x008313b0                ifd_isset
                0x00831430                ifd_get
 .text          0x008314a0     0x3020 ../simple_socket_bsp/\libucosii_bsp.a(tcp_in.o)
                0x008314a0                tcp_reass
                0x008318a8                tcp_input
                0x00833dfc                tcp_dooptions
                0x00833f8c                tcp_pulloutofband
                0x008340b8                tcp_xmit_timer
                0x0083435c                ip4_tcpmss
                0x008343a4                tcp_mss
 .text          0x008344c0     0x1360 ../simple_socket_bsp/\libucosii_bsp.a(tcp_out.o)
                0x008344c0                tcp_output
                0x0083563c                tcp_setpersist
 .text          0x00835820      0x9e8 ../simple_socket_bsp/\libucosii_bsp.a(tcp_subr.o)
                0x00835820                tcp_init
                0x00835878                tcp_template
                0x00835990                tcp_respond
                0x00835e18                tcp_newtcpcb
                0x00835f30                tcp_drop
                0x00835fdc                tcp_close
                0x008360c4                tcp_quench
                0x00836110                tcp_putseq
                0x00836190                tcp_getseq
 .text          0x00836208      0x798 ../simple_socket_bsp/\libucosii_bsp.a(tcp_timr.o)
                0x00836208                tcp_slowtimo
                0x008364a8                tcp_canceltimers
                0x00836504                tcp_timers
 .text          0x008369a0      0x9ec ../simple_socket_bsp/\libucosii_bsp.a(tcp_usr.o)
                0x008369a0                tcp_usrreq
                0x008370a4                tcp_attach
                0x008371d8                tcp_disconnect
                0x008372ac                tcp_usrclosed
 .text          0x0083738c       0x4c ../simple_socket_bsp/\libucosii_bsp.a(tcpport.o)
                0x0083738c                tcpinit
 .text          0x008373d8      0xd20 ../simple_socket_bsp/\libucosii_bsp.a(udpsock.o)
                0x008373d8                udp_lookup
                0x00837448                udp_soinput
                0x00837600                udp_usrreq
                0x00837884                udp4_sockbind
                0x00837bc0                udp4_socksend
                0x00837f9c                udp4_sockaddr
 .text          0x008380f8      0x154 ../simple_socket_bsp/\libucosii_bsp.a(alt_alarm_start.o)
                0x008380f8                alt_alarm_start
 .text          0x0083824c      0x14c ../simple_socket_bsp/\libucosii_bsp.a(alt_busy_sleep.o)
                0x0083824c                alt_busy_sleep
 .text          0x00838398      0x15c ../simple_socket_bsp/\libucosii_bsp.a(alt_close.o)
                0x00838398                alt_close
 .text          0x008384f4       0x78 ../simple_socket_bsp/\libucosii_bsp.a(alt_dcache_flush.o)
                0x008384f4                alt_dcache_flush
 .text          0x0083856c       0x2c ../simple_socket_bsp/\libucosii_bsp.a(alt_dev.o)
 .text          0x00838598      0x114 ../simple_socket_bsp/\libucosii_bsp.a(alt_dev_llist_insert.o)
                0x00838598                alt_dev_llist_insert
 .text          0x008386ac       0x64 ../simple_socket_bsp/\libucosii_bsp.a(alt_do_ctors.o)
                0x008386ac                _do_ctors
 .text          0x00838710       0x64 ../simple_socket_bsp/\libucosii_bsp.a(alt_do_dtors.o)
                0x00838710                _do_dtors
 .text          0x00838774        0x0 ../simple_socket_bsp/\libucosii_bsp.a(alt_errno.o)
 .text          0x00838774       0x94 ../simple_socket_bsp/\libucosii_bsp.a(alt_find_dev.o)
                0x00838774                alt_find_dev
 .text          0x00838808      0x1d4 ../simple_socket_bsp/\libucosii_bsp.a(alt_iic.o)
                0x00838808                alt_ic_isr_register
                0x00838858                alt_ic_irq_enable
                0x008388f4                alt_ic_irq_disable
                0x00838994                alt_ic_irq_enabled
 .text          0x008389dc       0xf8 ../simple_socket_bsp/\libucosii_bsp.a(alt_iic_isr_register.o)
                0x008389dc                alt_iic_isr_register
 .text          0x00838ad4      0x13c ../simple_socket_bsp/\libucosii_bsp.a(alt_io_redirect.o)
                0x00838b98                alt_io_redirect
 .text          0x00838c10        0x0 ../simple_socket_bsp/\libucosii_bsp.a(alt_irq_entry.o)
 .text          0x00838c10        0x0 ../simple_socket_bsp/\libucosii_bsp.a(alt_irq_handler.o)
 .text          0x00838c10      0x2c4 ../simple_socket_bsp/\libucosii_bsp.a(alt_open.o)
                0x00838cec                open
 .text          0x00838ed4      0x180 ../simple_socket_bsp/\libucosii_bsp.a(alt_read.o)
                0x00838ed4                alt_read
 .text          0x00839054       0x60 ../simple_socket_bsp/\libucosii_bsp.a(alt_release_fd.o)
                0x00839054                alt_release_fd
 .text          0x008390b4       0x38 ../simple_socket_bsp/\libucosii_bsp.a(alt_remap_cached.o)
                0x008390b4                alt_remap_cached
 .text          0x008390ec       0x40 ../simple_socket_bsp/\libucosii_bsp.a(alt_remap_uncached.o)
                0x008390ec                alt_remap_uncached
 .text          0x0083912c      0x1a8 ../simple_socket_bsp/\libucosii_bsp.a(alt_tick.o)
                0x0083912c                alt_alarm_stop
                0x008391c4                alt_tick
 .text          0x008392d4      0x180 ../simple_socket_bsp/\libucosii_bsp.a(alt_write.o)
                0x008392d4                alt_write
 .text          0x00839454       0x20 ../simple_socket_bsp/\libucosii_bsp.a(altera_nios2_qsys_irq.o)
                0x00839454                altera_nios2_qsys_irq_init
 .text          0x00839474       0xd0 ../simple_socket_bsp/\libucosii_bsp.a(os_cpu_a.o)
                0x00839474                OSCtxSw
                0x00839474                OSIntCtxSw
                0x00839500                OSStartHighRdy
                0x00839520                OSStartTsk
 .text          0x00839544      0x424 ../simple_socket_bsp/\libucosii_bsp.a(os_cpu_c.o)
                0x00839544                OSTaskStkInit
                0x00839854                OSTaskCreateHook
                0x00839874                OSTaskDelHook
                0x00839894                OSTaskSwHook
                0x008398b0                OSTaskStatHook
                0x008398cc                OSTimeTickHook
                0x008398f4                OSInitHookBegin
                0x00839910                OSInitHookEnd
                0x0083992c                OSTaskIdleHook
                0x00839948                OSTCBInitHook
 .text          0x00839968      0x460 ../simple_socket_bsp/\libucosii_bsp.a(altera_avalon_cfi_flash_amd.o)
                0x00839968                alt_program_amd
                0x008399d0                alt_erase_block_amd
 .text          0x00839dc8      0x460 ../simple_socket_bsp/\libucosii_bsp.a(altera_avalon_cfi_flash_intel.o)
                0x00839dc8                alt_program_intel
                0x00839e4c                alt_erase_block_intel
 .text          0x0083a228      0x238 ../simple_socket_bsp/\libucosii_bsp.a(altera_avalon_spi.o)
                0x0083a228                alt_avalon_spi_command
 .text          0x0083a460      0x444 ../simple_socket_bsp/\libucosii_bsp.a(allports.o)
                0x0083a460                netmain_init
                0x0083a55c                icmp_port_du
                0x0083a5e4                station_state
                0x0083a748                sysuptime
                0x0083a7dc                packet_check
                0x0083a828                mcastlist
                0x0083a84c                prep_modules
 .text          0x0083a8a4      0x580 ../simple_socket_bsp/\libucosii_bsp.a(timeouts.o)
                0x0083a8a4                inet_timer
                0x0083aba4                in_timerset
                0x0083ad7c                in_timerkill
 .text          0x0083ae24       0xa4 ../simple_socket_bsp/\libucosii_bsp.a(tk_misc.o)
                0x0083ae24                create_apptasks
                0x0083ae48                task_stats
 .text          0x0083aec8       0xb0 ../simple_socket_bsp/\libucosii_bsp.a(alt_iniche_fcntl.o)
                0x0083aec8                fcntl
 .text          0x0083af78     0x15b0 ../simple_socket_bsp/\libucosii_bsp.a(et_arp.o)
                0x0083af78                etainit
                0x0083afcc                et_send
                0x0083b148                arp_free_pending
                0x0083b1d0                arp_send_pending
                0x0083b244                send_arp
                0x0083b6dc                find_oldest_arp
                0x0083b8d8                make_arp_entry
                0x0083b9ec                arpReply
                0x0083bc80                arprcv
                0x0083bee0                send_via_arp
                0x0083c0b0                cb_arpent_tmo
                0x0083c25c                grat_arp
 .text          0x0083c528      0x298 ../simple_socket_bsp/\libucosii_bsp.a(iface.o)
                0x0083c528                if_getbynum
                0x0083c5ac                isbcast
                0x0083c68c                reg_type
                0x0083c728                if_killsocks
 .text          0x0083c7c0     0x22a4 ../simple_socket_bsp/\libucosii_bsp.a(ip.o)
                0x0083c7c0                ip_init
                0x0083c8bc                ip_bldhead
                0x0083ca60                ip_write_internal
                0x0083d1e0                ip_write
                0x0083d428                ip_write2
                0x0083d7d8                ip_raw_write
                0x0083d8b0                ip_fragment_lc
                0x0083dd38                ip_fragment
                0x0083e35c                ip_mymach
                0x0083e408                ip_dump
                0x0083e6c0                iproute
                0x0083e92c                ip_copypkt
 .text          0x0083ea64     0x1e08 ../simple_socket_bsp/\libucosii_bsp.a(ip_reasm.o)
                0x0083ea64                ip_reasm_match_frag_with_ire
                0x0083eb34                ip_reasm_determine_type_of_frag
                0x0083ec20                ip_reasm_check_mem_useage
                0x0083ecb8                ip_reasm_incr_mem_useage
                0x0083ed60                ip_reasm_decr_mem_useage
                0x0083ee00                ip_reasm_process_first_fragment
                0x0083f0e0                ip_reassm
                0x0083f180                ip_reasm_compute_overlap
                0x0083f710                ip_reasm_process_subsequent_fragments
                0x0083fca4                ip_reasm_find_ire
                0x0083fd08                ip_reasm_copy_queued_fragments_into_reassy_buffer
                0x00840064                ip_reasm_process_timer_tick
                0x00840184                ip_reasm_delete_ire
                0x0084034c                ip_reasm_mark_compact_rfq
                0x00840494                ipr_stats
                0x00840818                ip_reasm_send_icmp_timex
 .text          0x0084086c      0xe3c ../simple_socket_bsp/\libucosii_bsp.a(ipdemux.o)
                0x0084086c                ip_rcv
                0x00840c6c                ip_rcv_phase2
                0x00841278                ip_demux
 .text          0x008416a8      0x2f0 ../simple_socket_bsp/\libucosii_bsp.a(ipmc.o)
                0x008416a8                in_addmulti
                0x00841810                in_delmulti
                0x00841928                lookup_mcast
 .text          0x00841998       0xe4 ../simple_socket_bsp/\libucosii_bsp.a(ipport.o)
                0x00841998                prep_ifaces
                0x00841a2c                netexit
                0x00841a54                evtmap_setup
 .text          0x00841a7c      0x550 ../simple_socket_bsp/\libucosii_bsp.a(ipraw.o)
                0x00841a7c                ip_raw_open
                0x00841b6c                ip_raw_close
                0x00841c2c                ip_raw_input
                0x00841e64                ip_raw_alloc
                0x00841f30                ip_raw_free
                0x00841f70                ip_raw_maxalloc
 .text          0x00841fcc      0x6f0 ../simple_socket_bsp/\libucosii_bsp.a(iproute.o)
                0x00841fcc                rt_lookup
                0x00842150                add_route
                0x00842578                del_route
 .text          0x008426bc      0xe3c ../simple_socket_bsp/\libucosii_bsp.a(udp.o)
                0x008426bc                udpdemux
                0x00842f14                udp_send
                0x008431cc                udpswap
                0x008432fc                udp_socket
                0x008433cc                udp_alloc
                0x0084348c                udp_maxalloc
                0x008434b8                udp_free
 .text          0x008434f8      0x2e8 ../simple_socket_bsp/\libucosii_bsp.a(igmp.o)
                0x008434f8                igmpv1_input
 .text          0x008437e0      0x7c0 ../simple_socket_bsp/\libucosii_bsp.a(igmp2.o)
                0x008437e0                igmpv2_input
                0x00843940                igmpv2_process_report
                0x00843a8c                igmpv2_process_query
                0x00843cd8                igmpv2_chk_set_timer
                0x00843e30                igmpv2_chk4_rtr_alert_opt
 .text          0x00843fa0      0x8fc ../simple_socket_bsp/\libucosii_bsp.a(ipopt.o)
                0x00843fa0                IPADDR_TO_NETP
                0x008440e8                ip_setmoptions
                0x008446d8                ip_getmoptions
                0x00844818                ip_freemoptions
 .text          0x0084489c      0x6e8 ../simple_socket_bsp/\libucosii_bsp.a(u_mctest.o)
                0x0084489c                u_mctest_init
                0x008448cc                u_mctest_run
 .text          0x00844f84      0x3d0 ../simple_socket_bsp/\libucosii_bsp.a(dhcsetup.o)
                0x00844f84                dhc_setup
                0x00845250                dhc_main_ipset
 .text          0x00845354      0x40c ../simple_socket_bsp/\libucosii_bsp.a(memdev.o)
                0x00845354                init_memdev
                0x008453cc                md_fopen
                0x008453f4                md_fclose
                0x00845414                md_fread
                0x00845594                md_fwrite
                0x00845614                md_fseek
                0x00845640                md_ftell
                0x00845664                md_fgetc
                0x0084573c                md_unlink
 .text          0x00845760      0x1cc ../simple_socket_bsp/\libucosii_bsp.a(tcpcksum.o)
                0x00845760                tcp_cksum
 .text          0x0084592c      0x900 ../simple_socket_bsp/\libucosii_bsp.a(in_pcb.o)
                0x0084592c                in_pcballoc
                0x008459c0                in_pcbdetach
                0x00845a14                in_pcbbind
                0x00845c68                in_pcbconnect
                0x00845e78                in_pcbdisconnect
                0x00845ed8                in_setsockaddr
                0x00845f54                in_setpeeraddr
                0x00845fd0                in_pcblookup
 .text          0x0084622c     0x1a74 ../simple_socket_bsp/\libucosii_bsp.a(vfsfiles.o)
                0x0084622c                set_vfopen_error
                0x00846254                get_vfopen_error
                0x00846274                vf_alloc_and_link_vop
                0x008462f0                vf_alloc_buffer
                0x008463c8                vf_free_buffer
                0x00846418                vfopen_locked
                0x00846780                vfopen
                0x008467d0                vfclose_locked
                0x00846978                vfclose
                0x008469b8                vfflush
                0x00846a00                vfgets
                0x00846ae4                vfeof
                0x00846b3c                vunlink_flag_open_files
                0x00846b98                vunlink
                0x00846db8                vfread
                0x00846f64                vfwrite_locked
                0x0084734c                vfwrite
                0x008473ac                vfseek
                0x00847528                vftell
                0x0084765c                vgetc_locked
                0x0084777c                vgetc
                0x008477c4                vfslookup_locked
                0x008478fc                vfslookup
                0x00847944                strippath
                0x00847b2c                isvfile_locked
                0x00847b90                isvfile
                0x00847bd8                vferror
                0x00847c44                vclearerr
 .text          0x00847ca0       0x24 ../simple_socket_bsp/\libucosii_bsp.a(vfsport.o)
                0x00847ca0                prep_vfs
 .text          0x00847cc4        0x0 ../simple_socket_bsp/\libucosii_bsp.a(alt_exception_entry.o)
 .text          0x00847cc4      0x1b4 ../simple_socket_bsp/\libucosii_bsp.a(alt_fcntl.o)
                0x00847cc4                alt_fcntl
 .text          0x00847e78      0x120 ../simple_socket_bsp/\libucosii_bsp.a(alt_find_file.o)
                0x00847e78                alt_find_file
 .text          0x00847f98       0xf4 ../simple_socket_bsp/\libucosii_bsp.a(alt_get_fd.o)
                0x00847f98                alt_get_fd
 .text          0x0084808c     0x130c ../simple_socket_bsp/\libucosii_bsp.a(icmp.o)
                0x0084808c                icmprcv
                0x00848cc0                icmp_destun
                0x00849010                icmp_timex
                0x00849344                icmp_du
 .text          0x00849398       0x14 c:/altera/13.0sp1/nios2eds/bin/gnu/h-i686-mingw32/bin/../lib/gcc/nios2-elf/4.1.2/../../../../nios2-elf/lib\libc.a(lib_a-atexit.o)
                0x00849398                atexit
 .text          0x008493ac       0x18 c:/altera/13.0sp1/nios2eds/bin/gnu/h-i686-mingw32/bin/../lib/gcc/nios2-elf/4.1.2/../../../../nios2-elf/lib\libc.a(lib_a-atoi.o)
                0x008493ac                _atoi_r
                0x008493b8                atoi
 .text          0x008493c4       0x1c c:/altera/13.0sp1/nios2eds/bin/gnu/h-i686-mingw32/bin/../lib/gcc/nios2-elf/4.1.2/../../../../nios2-elf/lib\libc.a(lib_a-calloc.o)
                0x008493c4                calloc
 .text          0x008493e0       0x28 c:/altera/13.0sp1/nios2eds/bin/gnu/h-i686-mingw32/bin/../lib/gcc/nios2-elf/4.1.2/../../../../nios2-elf/lib\libc.a(lib_a-malloc.o)
                0x008493e0                free
                0x008493f4                malloc
 .text          0x00849408       0x74 c:/altera/13.0sp1/nios2eds/bin/gnu/h-i686-mingw32/bin/../lib/gcc/nios2-elf/4.1.2/../../../../nios2-elf/lib\libc.a(lib_a-memcmp.o)
                0x00849408                memcmp
 .text          0x0084947c       0xd4 c:/altera/13.0sp1/nios2eds/bin/gnu/h-i686-mingw32/bin/../lib/gcc/nios2-elf/4.1.2/../../../../nios2-elf/lib\libc.a(lib_a-sprintf.o)
                0x0084947c                sprintf
                0x008494f0                _sprintf_r
 .text          0x00849550       0x8c c:/altera/13.0sp1/nios2eds/bin/gnu/h-i686-mingw32/bin/../lib/gcc/nios2-elf/4.1.2/../../../../nios2-elf/lib\libc.a(lib_a-strcpy.o)
                0x00849550                strcpy
 .text          0x008495dc       0xf0 c:/altera/13.0sp1/nios2eds/bin/gnu/h-i686-mingw32/bin/../lib/gcc/nios2-elf/4.1.2/../../../../nios2-elf/lib\libc.a(lib_a-strncmp.o)
                0x008495dc                strncmp
 .text          0x008496cc       0xbc c:/altera/13.0sp1/nios2eds/bin/gnu/h-i686-mingw32/bin/../lib/gcc/nios2-elf/4.1.2/../../../../nios2-elf/lib\libc.a(lib_a-strncpy.o)
                0x008496cc                strncpy
 .text          0x00849788      0x268 c:/altera/13.0sp1/nios2eds/bin/gnu/h-i686-mingw32/bin/../lib/gcc/nios2-elf/4.1.2/../../../../nios2-elf/lib\libc.a(lib_a-strtol.o)
                0x00849788                _strtol_r
                0x008499cc                strtol
 .text          0x008499f0       0x34 c:/altera/13.0sp1/nios2eds/bin/gnu/h-i686-mingw32/bin/../lib/gcc/nios2-elf/4.1.2/../../../../nios2-elf/lib\libc.a(lib_a-vprintf.o)
                0x008499f0                _vprintf_r
                0x00849a04                vprintf
 .text          0x00849a24       0x74 c:/altera/13.0sp1/nios2eds/bin/gnu/h-i686-mingw32/bin/../lib/gcc/nios2-elf/4.1.2/../../../../nios2-elf/lib\libc.a(lib_a-vsprintf.o)
                0x00849a24                _vsprintf_r
                0x00849a74                vsprintf
 .text          0x00849a98      0x134 c:/altera/13.0sp1/nios2eds/bin/gnu/h-i686-mingw32/bin/../lib/gcc/nios2-elf/4.1.2/../../../../nios2-elf/lib\libc.a(lib_a-__atexit.o)
                0x00849a98                __register_exitproc
 *(.gnu.warning.*)
 *(.fini)
                0x00849bcc                PROVIDE (__etext, ABSOLUTE (.))
                0x00849bcc                PROVIDE (_etext, ABSOLUTE (.))
                0x00849bcc                PROVIDE (etext, ABSOLUTE (.))
 *(.eh_frame_hdr)
                0x00849bcc                . = ALIGN (0x4)
                0x00849bcc                PROVIDE (__preinit_array_start, ABSOLUTE (.))
 *(.preinit_array)
                0x00849bcc                PROVIDE (__preinit_array_end, ABSOLUTE (.))
                0x00849bcc                PROVIDE (__init_array_start, ABSOLUTE (.))
 *(.init_array)
                0x00849bcc                PROVIDE (__init_array_end, ABSOLUTE (.))
                0x00849bcc                PROVIDE (__fini_array_start, ABSOLUTE (.))
 *(.fini_array)
                0x00849bcc                PROVIDE (__fini_array_end, ABSOLUTE (.))
 *(.eh_frame)
 *(.gcc_except_table)
 *(.dynamic)
                0x00849bcc                PROVIDE (__CTOR_LIST__, ABSOLUTE (.))
 *(.ctors)
 *(SORT(.ctors.*))
 .ctors.65535   0x00849bcc        0x4 c:/altera/13.0sp1/nios2eds/bin/gnu/h-i686-mingw32/bin/../lib/gcc/nios2-elf/4.1.2/../../../../nios2-elf/lib\libc.a(lib_a-__call_atexit.o)
                0x00849bd0                PROVIDE (__CTOR_END__, ABSOLUTE (.))
                0x00849bd0                PROVIDE (__DTOR_LIST__, ABSOLUTE (.))
 *(.dtors)
 *(SORT(.dtors.*))
                0x00849bd0                PROVIDE (__DTOR_END__, ABSOLUTE (.))
 *(.jcr)
                0x00849bd0                . = ALIGN (0x4)

.rodata         0x00849bd0     0x4698
                0x00849bd0                PROVIDE (__ram_rodata_start, ABSOLUTE (.))
                0x00849bd0                . = ALIGN (0x4)
 *(.rodata .rodata.* .gnu.linkonce.r.*)
 .rodata        0x00849bd0       0x60 obj/default/LCD.o
 .rodata        0x00849c30       0xa8 obj/default/SSS_DE2_115.o
 .rodata        0x00849cd8      0xba4 obj/default/alt_error_handler.o
 .rodata        0x0084a87c       0x64 obj/default/dm9000a.o
 .rodata        0x0084a8e0      0x194 obj/default/iniche_init.o
 .rodata        0x0084aa74      0x234 obj/default/network_utilities.o
 .rodata        0x0084aca8      0x2e0 obj/default/simple_socket_server.o
 .rodata.str1.4
                0x0084af88        0x6 c:/altera/13.0sp1/nios2eds/bin/gnu/h-i686-mingw32/bin/../lib/gcc/nios2-elf/4.1.2/../../../../nios2-elf/lib\libm.a(lib_a-wf_sqrt.o)
                                  0x8 (size before relaxing)
 *fill*         0x0084af8e        0x2 00
 .rodata        0x0084af90      0x398 c:/altera/13.0sp1/nios2eds/bin/gnu/h-i686-mingw32/bin/../lib/gcc/nios2-elf/4.1.2/../../../../nios2-elf/lib\libm.a(lib_a-ef_rem_pio2.o)
 .rodata        0x0084b328       0x38 c:/altera/13.0sp1/nios2eds/bin/gnu/h-i686-mingw32/bin/../lib/gcc/nios2-elf/4.1.2/../../../../nios2-elf/lib\libm.a(lib_a-kf_rem_pio2.o)
 .rodata        0x0084b360       0x10 c:/altera/13.0sp1/nios2eds/bin/gnu/h-i686-mingw32/bin/../lib/gcc/nios2-elf/4.1.2\libgcc.a(_thenan_sf.o)
                0x0084b360                __thenan_sf
 .rodata        0x0084b370       0x14 c:/altera/13.0sp1/nios2eds/bin/gnu/h-i686-mingw32/bin/../lib/gcc/nios2-elf/4.1.2\libgcc.a(_thenan_df.o)
                0x0084b370                __thenan_df
 .rodata        0x0084b384      0x100 c:/altera/13.0sp1/nios2eds/bin/gnu/h-i686-mingw32/bin/../lib/gcc/nios2-elf/4.1.2\libgcc.a(_clz.o)
                0x0084b384                __clz_tab
 .rodata        0x0084b484      0x281 c:/altera/13.0sp1/nios2eds/bin/gnu/h-i686-mingw32/bin/../lib/gcc/nios2-elf/4.1.2/../../../../nios2-elf/lib\libc.a(lib_a-ctype_.o)
                0x0084b484                _ctype_
 *fill*         0x0084b705        0x3 00
 .rodata.str1.4
                0x0084b708        0x2 c:/altera/13.0sp1/nios2eds/bin/gnu/h-i686-mingw32/bin/../lib/gcc/nios2-elf/4.1.2/../../../../nios2-elf/lib\libc.a(lib_a-impure.o)
                                  0x4 (size before relaxing)
 *fill*         0x0084b70a        0x2 00
 .rodata.str1.4
                0x0084b70c        0x3 c:/altera/13.0sp1/nios2eds/bin/gnu/h-i686-mingw32/bin/../lib/gcc/nios2-elf/4.1.2/../../../../nios2-elf/lib\libc.a(lib_a-perror.o)
                                  0x4 (size before relaxing)
 *fill*         0x0084b70f        0x1 00
 .rodata.str1.4
                0x0084b710        0x2 c:/altera/13.0sp1/nios2eds/bin/gnu/h-i686-mingw32/bin/../lib/gcc/nios2-elf/4.1.2/../../../../nios2-elf/lib\libc.a(lib_a-puts.o)
                                  0x4 (size before relaxing)
 *fill*         0x0084b712        0x2 00
 .rodata.str1.4
                0x0084b714      0x7a2 c:/altera/13.0sp1/nios2eds/bin/gnu/h-i686-mingw32/bin/../lib/gcc/nios2-elf/4.1.2/../../../../nios2-elf/lib\libc.a(lib_a-strerror.o)
                                0x7a8 (size before relaxing)
 *fill*         0x0084beb6        0x2 00
 .rodata.str1.4
                0x0084beb8       0x5e c:/altera/13.0sp1/nios2eds/bin/gnu/h-i686-mingw32/bin/../lib/gcc/nios2-elf/4.1.2/../../../../nios2-elf/lib\libc.a(lib_a-vfprintf.o)
                                 0x60 (size before relaxing)
 .rodata        0x0084bf16       0x20 c:/altera/13.0sp1/nios2eds/bin/gnu/h-i686-mingw32/bin/../lib/gcc/nios2-elf/4.1.2/../../../../nios2-elf/lib\libc.a(lib_a-vfprintf.o)
 *fill*         0x0084bf36        0x2 00
 .rodata.str1.4
                0x0084bf38       0x10 c:/altera/13.0sp1/nios2eds/bin/gnu/h-i686-mingw32/bin/../lib/gcc/nios2-elf/4.1.2/../../../../nios2-elf/lib\libc.a(lib_a-dtoa.o)
                                 0x14 (size before relaxing)
 .rodata.str1.4
                0x0084bf48       0x10 c:/altera/13.0sp1/nios2eds/bin/gnu/h-i686-mingw32/bin/../lib/gcc/nios2-elf/4.1.2/../../../../nios2-elf/lib\libc.a(lib_a-locale.o)
                                 0x18 (size before relaxing)
 .rodata        0x0084bf58       0x30 c:/altera/13.0sp1/nios2eds/bin/gnu/h-i686-mingw32/bin/../lib/gcc/nios2-elf/4.1.2/../../../../nios2-elf/lib\libc.a(lib_a-locale.o)
 .rodata        0x0084bf88      0x124 c:/altera/13.0sp1/nios2eds/bin/gnu/h-i686-mingw32/bin/../lib/gcc/nios2-elf/4.1.2/../../../../nios2-elf/lib\libc.a(lib_a-mprec.o)
                0x0084bf88                __mprec_tens
                0x0084c050                __mprec_bigtens
                0x0084c078                __mprec_tinytens
 .rodata        0x0084c0ac       0x14 ../simple_socket_bsp/\libucosii_bsp.a(alt_main.o)
 .rodata        0x0084c0c0      0x120 ../simple_socket_bsp/\libucosii_bsp.a(os_core.o)
                0x0084c0c0                OSUnMapTbl
 .rodata        0x0084c1e0       0x60 ../simple_socket_bsp/\libucosii_bsp.a(alt_sys_init.o)
 .rodata        0x0084c240       0xd8 ../simple_socket_bsp/\libucosii_bsp.a(ipnet.o)
 .rodata        0x0084c318       0xec ../simple_socket_bsp/\libucosii_bsp.a(ipstart.o)
 .rodata        0x0084c404      0x54c ../simple_socket_bsp/\libucosii_bsp.a(igmp_cmn.o)
 .rodata        0x0084c950       0xb8 ../simple_socket_bsp/\libucosii_bsp.a(in_utils.o)
 .rodata        0x0084ca08       0x34 ../simple_socket_bsp/\libucosii_bsp.a(netmain.o)
 .rodata        0x0084ca3c       0x94 ../simple_socket_bsp/\libucosii_bsp.a(parseip.o)
 .rodata        0x0084cad0      0x1a8 ../simple_socket_bsp/\libucosii_bsp.a(tk_crnos.o)
 .rodata        0x0084cc78        0x8 ../simple_socket_bsp/\libucosii_bsp.a(dhcpclnt.o)
 .rodata        0x0084cc80      0x118 ../simple_socket_bsp/\libucosii_bsp.a(pktalloc.o)
 .rodata        0x0084cd98       0x84 ../simple_socket_bsp/\libucosii_bsp.a(udp_open.o)
 .rodata        0x0084ce1c       0x2c ../simple_socket_bsp/\libucosii_bsp.a(brdutils.o)
 .rodata        0x0084ce48      0x26c ../simple_socket_bsp/\libucosii_bsp.a(osportco.o)
 .rodata        0x0084d0b4       0xa0 ../simple_socket_bsp/\libucosii_bsp.a(targnios.o)
 .rodata        0x0084d154       0x90 ../simple_socket_bsp/\libucosii_bsp.a(nptcp.o)
 .rodata        0x0084d1e4        0x8 ../simple_socket_bsp/\libucosii_bsp.a(sockcall.o)
 .rodata        0x0084d1ec       0x50 ../simple_socket_bsp/\libucosii_bsp.a(socket.o)
 .rodata        0x0084d23c       0x40 ../simple_socket_bsp/\libucosii_bsp.a(socket2.o)
 .rodata        0x0084d27c       0x20 ../simple_socket_bsp/\libucosii_bsp.a(tcp_in.o)
 .rodata        0x0084d29c       0x40 ../simple_socket_bsp/\libucosii_bsp.a(tcp_out.o)
 .rodata        0x0084d2dc       0x24 ../simple_socket_bsp/\libucosii_bsp.a(tcp_subr.o)
 .rodata        0x0084d300       0x2c ../simple_socket_bsp/\libucosii_bsp.a(tcp_usr.o)
 .rodata        0x0084d32c        0xc ../simple_socket_bsp/\libucosii_bsp.a(alt_dev.o)
 .rodata        0x0084d338        0x4 ../simple_socket_bsp/\libucosii_bsp.a(os_cpu_c.o)
 .rodata        0x0084d33c      0x1d4 ../simple_socket_bsp/\libucosii_bsp.a(allports.o)
 .rodata        0x0084d510       0x34 ../simple_socket_bsp/\libucosii_bsp.a(tk_misc.o)
 .rodata        0x0084d544       0x44 ../simple_socket_bsp/\libucosii_bsp.a(et_arp.o)
 .rodata        0x0084d588      0x1dc ../simple_socket_bsp/\libucosii_bsp.a(ip.o)
 .rodata        0x0084d764      0x158 ../simple_socket_bsp/\libucosii_bsp.a(ip_reasm.o)
 .rodata        0x0084d8bc      0x120 ../simple_socket_bsp/\libucosii_bsp.a(ipdemux.o)
 .rodata        0x0084d9dc       0x34 ../simple_socket_bsp/\libucosii_bsp.a(ipport.o)
 .rodata        0x0084da10       0x24 ../simple_socket_bsp/\libucosii_bsp.a(ipraw.o)
 .rodata        0x0084da34       0x38 ../simple_socket_bsp/\libucosii_bsp.a(iproute.o)
 .rodata        0x0084da6c       0xe8 ../simple_socket_bsp/\libucosii_bsp.a(udp.o)
 .rodata        0x0084db54      0x2d0 ../simple_socket_bsp/\libucosii_bsp.a(u_mctest.o)
 .rodata        0x0084de24       0xf8 ../simple_socket_bsp/\libucosii_bsp.a(dhcsetup.o)
 .rodata        0x0084df1c       0x34 ../simple_socket_bsp/\libucosii_bsp.a(vfsfiles.o)
 .rodata        0x0084df50      0x318 ../simple_socket_bsp/\libucosii_bsp.a(icmp.o)
 *(.rodata1)
                0x0084e268                . = ALIGN (0x4)
                0x0084e268                PROVIDE (__ram_rodata_end, ABSOLUTE (.))
                0x00849bd0                PROVIDE (__flash_rodata_start, LOADADDR (.rodata))

.rwdata         0x0084e268     0x2140
                0x0084e268                PROVIDE (__ram_rwdata_start, ABSOLUTE (.))
                0x0084e268                . = ALIGN (0x4)
 *(.got.plt)
 *(.got)
 *(.data1)
 *(.data .data.* .gnu.linkonce.d.*)
 .data          0x0084e268        0x0 ../simple_socket_bsp//obj/HAL/src/crt0.o
 .data          0x0084e268        0x0 obj/default/LCD.o
 .data          0x0084e268        0x0 obj/default/SSS_DE2_115.o
 .data          0x0084e268        0x0 obj/default/alt_error_handler.o
 .data          0x0084e268        0x0 obj/default/dm9000a.o
 .data          0x0084e268       0x18 obj/default/iniche_init.o
                0x0084e268                ssstask
 .data          0x0084e280        0x0 obj/default/led.o
 .data          0x0084e280        0x0 obj/default/network_utilities.o
 .data          0x0084e280        0x0 obj/default/simple_socket_server.o
 .data          0x0084e280        0x0 obj/default/tse_my_system.o
 .data          0x0084e280        0x0 c:/altera/13.0sp1/nios2eds/bin/gnu/h-i686-mingw32/bin/../lib/gcc/nios2-elf/4.1.2/../../../../nios2-elf/lib\libm.a(lib_a-sf_cos.o)
 .data          0x0084e280        0x0 c:/altera/13.0sp1/nios2eds/bin/gnu/h-i686-mingw32/bin/../lib/gcc/nios2-elf/4.1.2/../../../../nios2-elf/lib\libm.a(lib_a-sf_sin.o)
 .data          0x0084e280        0x0 c:/altera/13.0sp1/nios2eds/bin/gnu/h-i686-mingw32/bin/../lib/gcc/nios2-elf/4.1.2/../../../../nios2-elf/lib\libm.a(lib_a-wf_sqrt.o)
 .data          0x0084e280        0x0 c:/altera/13.0sp1/nios2eds/bin/gnu/h-i686-mingw32/bin/../lib/gcc/nios2-elf/4.1.2/../../../../nios2-elf/lib\libm.a(lib_a-ef_rem_pio2.o)
 .data          0x0084e280        0x0 c:/altera/13.0sp1/nios2eds/bin/gnu/h-i686-mingw32/bin/../lib/gcc/nios2-elf/4.1.2/../../../../nios2-elf/lib\libm.a(lib_a-ef_sqrt.o)
 .data          0x0084e280        0x0 c:/altera/13.0sp1/nios2eds/bin/gnu/h-i686-mingw32/bin/../lib/gcc/nios2-elf/4.1.2/../../../../nios2-elf/lib\libm.a(lib_a-kf_cos.o)
 .data          0x0084e280        0x0 c:/altera/13.0sp1/nios2eds/bin/gnu/h-i686-mingw32/bin/../lib/gcc/nios2-elf/4.1.2/../../../../nios2-elf/lib\libm.a(lib_a-kf_rem_pio2.o)
 .data          0x0084e280        0x0 c:/altera/13.0sp1/nios2eds/bin/gnu/h-i686-mingw32/bin/../lib/gcc/nios2-elf/4.1.2/../../../../nios2-elf/lib\libm.a(lib_a-kf_sin.o)
 .data          0x0084e280        0x0 c:/altera/13.0sp1/nios2eds/bin/gnu/h-i686-mingw32/bin/../lib/gcc/nios2-elf/4.1.2/../../../../nios2-elf/lib\libm.a(lib_a-s_lib_ver.o)
 .data          0x0084e280        0x0 c:/altera/13.0sp1/nios2eds/bin/gnu/h-i686-mingw32/bin/../lib/gcc/nios2-elf/4.1.2/../../../../nios2-elf/lib\libm.a(lib_a-s_matherr.o)
 .data          0x0084e280        0x0 c:/altera/13.0sp1/nios2eds/bin/gnu/h-i686-mingw32/bin/../lib/gcc/nios2-elf/4.1.2/../../../../nios2-elf/lib\libm.a(lib_a-sf_fabs.o)